192.168.17.29 - - [15/Oct/2018:18:42:21 +0000] "GET /skin/install/default/default/images/logo.gif HTTP/1.1" 200 2106 "http://192.168.17.29/index.php/install/" "Mozilla/5.0 (X11; Linux x86_64) AppleWebKit/537.36 (KHTML, like Gecko) Chrome/69.0.3497.100 Safari/537.36"
192.168.17.29 - - [15/Oct/2018:18:42:21 +0000] "GET /skin/install/default/default/images/main_container_bg.gif HTTP/1.1" 200 7629 "http://192.168.17.29/skin/install/default/default/css/boxes.css" "Mozilla/5.0 (X11; Linux x86_64) AppleWebKit/537.36 (KHTML, like Gecko) Chrome/69.0.3497.100 Safari/537.36"
192.168.17.29 - - [15/Oct/2018:18:42:21 +0000] "GET /skin/install/default/default/images/main_bg.gif HTTP/1.1" 200 32524 "http://192.168.17.29/skin/install/default/default/css/boxes.css" "Mozilla/5.0 (X11; Linux x86_64) AppleWebKit/537.36 (KHTML, like Gecko) Chrome/69.0.3497.100 Safari/537.36"
192.168.17.29 - - [15/Oct/2018:18:42:21 +0000] "GET /skin/install/default/default/images/header_top_container_bg.jpg HTTP/1.1" 200 40972 "http://192.168.17.29/skin/install/default/default/css/boxes.css" "Mozilla/5.0 (X11; Linux x86_64) AppleWebKit/537.36 (KHTML, like Gecko) Chrome/69.0.3497.100 Safari/537.36"
192.168.17.29 - - [15/Oct/2018:18:42:21 +0000] "GET /skin/install/default/default/favicon.ico HTTP/1.1" 200 1150 "http://192.168.17.29/index.php/install/" "Mozilla/5.0 (X11; Linux x86_64) AppleWebKit/537.36 (KHTML, like Gecko) Chrome/69.0.3497.100 Safari/537.36"
172.18.0.1 - - [15/Oct/2018:18:43:52 +0000] "GET /index.php/install/wizard/checkHost/ HTTP/1.1" 200 38 "-" "Varien_Http_Client"
172.18.0.1 - - [15/Oct/2018:18:43:52 +0000] "POST /index.php/install/wizard/configPost/ HTTP/1.1" 302 5 "http://localhost/index.php/install/wizard/config/?config%5Blocale%5D=pt_BR&config%5Btimezone%5D=America%2FBahia&config%5Bcurrency%5D=BRL" "Mozilla/5.0 (X11; Linux x86_64) AppleWebKit/537.36 (KHTML, like Gecko) Chrome/69.0.3497.100 Safari/537.36"
172.18.0.1 - - [15/Oct/2018:18:49:15 +0000] "GET /index.php/install/wizard/installDb/ HTTP/1.1" 302 5 "http://localhost/index.php/install/wizard/config/?config%5Blocale%5D=pt_BR&config%5Btimezone%5D=America%2FBahia&config%5Bcurrency%5D=BRL" "Mozilla/5.0 (X11; Linux x86_64) AppleWebKit/537.36 (KHTML, like Gecko) Chrome/69.0.3497.100 Safari/537.36"
172.18.0.1 - - [15/Oct/2018:18:49:15 +0000] "GET /index.php/install/wizard/administrator/ HTTP/1.1" 200 4650 "http://localhost/index.php/install/wizard/config/?config%5Blocale%5D=pt_BR&config%5Btimezone%5D=America%2FBahia&config%5Bcurrency%5D=BRL" "Mozilla/5.0 (X11; Linux x86_64) AppleWebKit/537.36 (KHTML, like Gecko) Chrome/69.0.3497.100 Safari/537.36"
172.18.0.1 - - [15/Oct/2018:18:49:31 +0000] "POST /index.php/install/wizard/administratorPost/ HTTP/1.1" 302 5 "http://localhost/index.php/install/wizard/administrator/" "Mozilla/5.0 (X11; Linux x86_64) AppleWebKit/537.36 (KHTML, like Gecko) Chrome/69.0.3497.100 Safari/537.36"
172.18.0.1 - - [15/Oct/2018:18:49:32 +0000] "GET /index.php/install/wizard/end/ HTTP/1.1" 200 3992 "http://localhost/index.php/install/wizard/administrator/" "Mozilla/5.0 (X11; Linux x86_64) AppleWebKit/537.36 (KHTML, like Gecko) Chrome/69.0.3497.100 Safari/537.36"
172.18.0.1 - - [15/Oct/2018:18:49:34 +0000] "GET /index.php/admin/ HTTP/1.1" 200 1247 "http://localhost/index.php/install/wizard/end/" "Mozilla/5.0 (X11; Linux x86_64) AppleWebKit/537.36 (KHTML, like Gecko) Chrome/69.0.3497.100 Safari/537.36"
192.168.17.29 - - [15/Oct/2018:18:49:34 +0000] "GET /skin/adminhtml/default/default/reset.css HTTP/1.1" 200 2907 "http://localhost/index.php/admin/" "Mozilla/5.0 (X11; Linux x86_64) AppleWebKit/537.36 (KHTML, like Gecko) Chrome/69.0.3497.100 Safari/537.36"
192.168.17.29 - - [15/Oct/2018:18:49:34 +0000] "GET /skin/adminhtml/default/default/boxes.css HTTP/1.1" 200 89516 "http://localhost/index.php/admin/" "Mozilla/5.0 (X11; Linux x86_64) AppleWebKit/537.36 (KHTML, like Gecko) Chrome/69.0.3497.100 Safari/537.36"
192.168.17.29 - - [15/Oct/2018:18:49:34 +0000] "GET /js/mage/adminhtml/form.js HTTP/1.1" 200 19682 "http://localhost/index.php/admin/" "Mozilla/5.0 (X11; Linux x86_64) AppleWebKit/537.36 (KHTML, like Gecko) Chrome/69.0.3497.100 Safari/537.36"
192.168.17.29 - - [15/Oct/2018:18:49:34 +0000] "GET /js/mage/captcha.js HTTP/1.1" 200 3077 "http://localhost/index.php/admin/" "Mozilla/5.0 (X11; Linux x86_64) AppleWebKit/537.36 (KHTML, like Gecko) Chrome/69.0.3497.100 Safari/537.36"
192.168.17.29 - - [15/Oct/2018:18:49:34 +0000] "GET /skin/adminhtml/default/default/images/login_logo.gif HTTP/1.1" 200 2187 "http://192.168.17.29/skin/adminhtml/default/default/boxes.css" "Mozilla/5.0 (X11; Linux x86_64) AppleWebKit/537.36 (KHTML, like Gecko) Chrome/69.0.3497.100 Safari/537.36"
192.168.17.29 - - [15/Oct/2018:18:49:34 +0000] "GET /skin/adminhtml/default/default/images/login_box_bottom.jpg HTTP/1.1" 200 1259 "http://192.168.17.29/skin/adminhtml/default/default/boxes.css" "Mozilla/5.0 (X11; Linux x86_64) AppleWebKit/537.36 (KHTML, like Gecko) Chrome/69.0.3497.100 Safari/537.36"
192.168.17.29 - - [15/Oct/2018:18:49:34 +0000] "GET /skin/adminhtml/default/default/images/login_box_legal_bg.gif HTTP/1.1" 200 884 "http://192.168.17.29/skin/adminhtml/default/default/boxes.css" "Mozilla/5.0 (X11; Linux x86_64) AppleWebKit/537.36 (KHTML, like Gecko) Chrome/69.0.3497.100 Safari/537.36"
192.168.17.29 - - [15/Oct/2018:18:49:34 +0000] "GET /skin/adminhtml/default/default/images/login_box_bg.jpg HTTP/1.1" 200 23561 "http://192.168.17.29/skin/adminhtml/default/default/boxes.css" "Mozilla/5.0 (X11; Linux x86_64) AppleWebKit/537.36 (KHTML, like Gecko) Chrome/69.0.3497.100 Safari/537.36"
192.168.17.29 - - [15/Oct/2018:18:49:34 +0000] "GET /skin/adminhtml/default/default/images/btn_bg.gif HTTP/1.1" 200 148 "http://192.168.17.29/skin/adminhtml/default/default/boxes.css" "Mozilla/5.0 (X11; Linux x86_64) AppleWebKit/537.36 (KHTML, like Gecko) Chrome/69.0.3497.100 Safari/537.36"
192.168.17.29 - - [15/Oct/2018:18:49:34 +0000] "GET /skin/adminhtml/default/default/favicon.ico HTTP/1.1" 200 1150 "http://localhost/index.php/admin/" "Mozilla/5.0 (X11; Linux x86_64) AppleWebKit/537.36 (KHTML, like Gecko) Chrome/69.0.3497.100 Safari/537.36"
172.18.0.1 - - [15/Oct/2018:18:49:42 +0000] "POST /index.php/admin/ HTTP/1.1" 302 5 "http://localhost/index.php/admin/" "Mozilla/5.0 (X11; Linux x86_64) AppleWebKit/537.36 (KHTML, like Gecko) Chrome/69.0.3497.100 Safari/537.36"
192.168.17.29 - - [15/Oct/2018:18:49:42 +0000] "GET /index.php/admin/index/index/key/5edca26ae0bc4d0c288dc7bdfbdb3e23/?SID=2b3a9e24abe7d26ceda5eb36de9cd2e1 HTTP/1.1" 200 1212 "http://localhost/index.php/admin/" "Mozilla/5.0 (X11; Linux x86_64) AppleWebKit/537.36 (KHTML, like Gecko) Chrome/69.0.3497.100 Safari/537.36"
192.168.17.29 - - [15/Oct/2018:18:49:47 +0000] "POST /index.php/admin/index/index/key/5edca26ae0bc4d0c288dc7bdfbdb3e23/?SID=2b3a9e24abe7d26ceda5eb36de9cd2e1 HTTP/1.1" 302 5 "http://192.168.17.29/index.php/admin/index/index/key/5edca26ae0bc4d0c288dc7bdfbdb3e23/?SID=2b3a9e24abe7d26ceda5eb36de9cd2e1" "Mozilla/5.0 (X11; Linux x86_64) AppleWebKit/537.36 (KHTML, like Gecko) Chrome/69.0.3497.100 Safari/537.36"
172.18.0.1 - - [15/Oct/2018:18:49:47 +0000] "POST /app/etc/local.xml HTTP/1.1" 405 150 "-" "-"
192.168.17.29 - - [15/Oct/2018:18:49:47 +0000] "GET /index.php/admin/dashboard/index/key/af59f804a585db69be88a9d3b9af1286/ HTTP/1.1" 200 18138 "http://192.168.17.29/index.php/admin/index/index/key/5edca26ae0bc4d0c288dc7bdfbdb3e23/?SID=2b3a9e24abe7d26ceda5eb36de9cd2e1" "Mozilla/5.0 (X11; Linux x86_64) AppleWebKit/537.36 (KHTML, like Gecko) Chrome/69.0.3497.100 Safari/537.36"
192.168.17.29 - - [15/Oct/2018:18:49:47 +0000] "GET /js/calendar/calendar-win2k-1.css HTTP/1.1" 200 5986 "http://192.168.17.29/index.php/admin/dashboard/index/key/af59f804a585db69be88a9d3b9af1286/" "Mozilla/5.0 (X11; Linux x86_64) AppleWebKit/537.36 (KHTML, like Gecko) Chrome/69.0.3497.100 Safari/537.36"
192.168.17.29 - - [15/Oct/2018:18:49:47 +0000] "GET /skin/adminhtml/default/default/custom.css HTTP/1.1" 200 949 "http://192.168.17.29/index.php/admin/dashboard/index/key/af59f804a585db69be88a9d3b9af1286/" "Mozilla/5.0 (X11; Linux x86_64) AppleWebKit/537.36 (KHTML, like Gecko) Chrome/69.0.3497.100 Safari/537.36"
192.168.17.29 - - [15/Oct/2018:18:49:47 +0000] "GET /skin/adminhtml/default/default/menu.css HTTP/1.1" 200 4081 "http://192.168.17.29/index.php/admin/dashboard/index/key/af59f804a585db69be88a9d3b9af1286/" "Mozilla/5.0 (X11; Linux x86_64) AppleWebKit/537.36 (KHTML, like Gecko) Chrome/69.0.3497.100 Safari/537.36"
192.168.17.29 - - [15/Oct/2018:18:49:47 +0000] "GET /js/prototype/window.js HTTP/1.1" 200 65753 "http://192.168.17.29/index.php/admin/dashboard/index/key/af59f804a585db69be88a9d3b9af1286/" "Mozilla/5.0 (X11; Linux x86_64) AppleWebKit/537.36 (KHTML, like Gecko) Chrome/69.0.3497.100 Safari/537.36"
192.168.17.29 - - [15/Oct/2018:18:49:47 +0000] "GET /js/scriptaculous/builder.js HTTP/1.1" 200 4744 "http://192.168.17.29/index.php/admin/dashboard/index/key/af59f804a585db69be88a9d3b9af1286/" "Mozilla/5.0 (X11; Linux x86_64) AppleWebKit/537.36 (KHTML, like Gecko) Chrome/69.0.3497.100 Safari/537.36"
192.168.17.29 - - [15/Oct/2018:18:49:47 +0000] "GET /js/scriptaculous/dragdrop.js HTTP/1.1" 200 31066 "http://192.168.17.29/index.php/admin/dashboard/index/key/af59f804a585db69be88a9d3b9af1286/" "Mozilla/5.0 (X11; Linux x86_64) AppleWebKit/537.36 (KHTML, like Gecko) Chrome/69.0.3497.100 Safari/537.36"
192.168.17.29 - - [15/Oct/2018:18:49:47 +0000] "GET /js/scriptaculous/controls.js HTTP/1.1" 200 34797 "http://192.168.17.29/index.php/admin/dashboard/index/key/af59f804a585db69be88a9d3b9af1286/" "Mozilla/5.0 (X11; Linux x86_64) AppleWebKit/537.36 (KHTML, like Gecko) Chrome/69.0.3497.100 Safari/537.36"
192.168.17.29 - - [15/Oct/2018:18:49:47 +0000] "GET /js/scriptaculous/slider.js HTTP/1.1" 200 10331 "http://192.168.17.29/index.php/admin/dashboard/index/key/af59f804a585db69be88a9d3b9af1286/" "Mozilla/5.0 (X11; Linux x86_64) AppleWebKit/537.36 (KHTML, like Gecko) Chrome/69.0.3497.100 Safari/537.36"
192.168.17.29 - - [15/Oct/2018:18:49:47 +0000] "GET /js/lib/ccard.js HTTP/1.1" 200 747 "http://192.168.17.29/index.php/admin/dashboard/index/key/af59f804a585db69be88a9d3b9af1286/" "Mozilla/5.0 (X11; Linux x86_64) AppleWebKit/537.36 (KHTML, like Gecko) Chrome/69.0.3497.100 Safari/537.36"
192.168.17.29 - - [15/Oct/2018:18:49:47 +0000] "GET /js/mage/adminhtml/hash.js HTTP/1.1" 200 5362 "http://192.168.17.29/index.php/admin/dashboard/index/key/af59f804a585db69be88a9d3b9af1286/" "Mozilla/5.0 (X11; Linux x86_64) AppleWebKit/537.36 (KHTML, like Gecko) Chrome/69.0.3497.100 Safari/537.36"
192.168.17.29 - - [15/Oct/2018:18:49:47 +0000] "GET /js/mage/adminhtml/events.js HTTP/1.1" 200 5584 "http://192.168.17.29/index.php/admin/dashboard/index/key/af59f804a585db69be88a9d3b9af1286/" "Mozilla/5.0 (X11; Linux x86_64) AppleWebKit/537.36 (KHTML, like Gecko) Chrome/69.0.3497.100 Safari/537.36"
192.168.17.29 - - [15/Oct/2018:18:49:47 +0000] "GET /js/mage/adminhtml/loader.js HTTP/1.1" 200 9406 "http://192.168.17.29/index.php/admin/dashboard/index/key/af59f804a585db69be88a9d3b9af1286/" "Mozilla/5.0 (X11; Linux x86_64) AppleWebKit/537.36 (KHTML, like Gecko) Chrome/69.0.3497.100 Safari/537.36"
192.168.17.29 - - [15/Oct/2018:18:49:47 +0000] "GET /js/mage/adminhtml/grid.js HTTP/1.1" 200 33526 "http://192.168.17.29/index.php/admin/dashboard/index/key/af59f804a585db69be88a9d3b9af1286/" "Mozilla/5.0 (X11; Linux x86_64) AppleWebKit/537.36 (KHTML, like Gecko) Chrome/69.0.3497.100 Safari/537.36"
192.168.17.29 - - [15/Oct/2018:18:49:47 +0000] "GET /js/mage/adminhtml/tabs.js HTTP/1.1" 200 10017 "http://192.168.17.29/index.php/admin/dashboard/index/key/af59f804a585db69be88a9d3b9af1286/" "Mozilla/5.0 (X11; Linux x86_64) AppleWebKit/537.36 (KHTML, like Gecko) Chrome/69.0.3497.100 Safari/537.36"
192.168.17.29 - - [15/Oct/2018:18:49:47 +0000] "GET /js/mage/adminhtml/accordion.js HTTP/1.1" 200 4728 "http://192.168.17.29/index.php/admin/dashboard/index/key/af59f804a585db69be88a9d3b9af1286/" "Mozilla/5.0 (X11; Linux x86_64) AppleWebKit/537.36 (KHTML, like Gecko) Chrome/69.0.3497.100 Safari/537.36"
192.168.17.29 - - [15/Oct/2018:18:49:47 +0000] "GET /js/mage/adminhtml/tools.js HTTP/1.1" 200 24255 "http://192.168.17.29/index.php/admin/dashboard/index/key/af59f804a585db69be88a9d3b9af1286/" "Mozilla/5.0 (X11; Linux x86_64) AppleWebKit/537.36 (KHTML, like Gecko) Chrome/69.0.3497.100 Safari/537.36"
192.168.17.29 - - [15/Oct/2018:18:49:47 +0000] "GET /js/mage/adminhtml/uploader.js HTTP/1.1" 200 8006 "http://192.168.17.29/index.php/admin/dashboard/index/key/af59f804a585db69be88a9d3b9af1286/" "Mozilla/5.0 (X11; Linux x86_64) AppleWebKit/537.36 (KHTML, like Gecko) Chrome/69.0.3497.100 Safari/537.36"
192.168.17.29 - - [15/Oct/2018:18:49:47 +0000] "GET /js/mage/adminhtml/product.js HTTP/1.1" 200 41677 "http://192.168.17.29/index.php/admin/dashboard/index/key/af59f804a585db69be88a9d3b9af1286/" "Mozilla/5.0 (X11; Linux x86_64) AppleWebKit/537.36 (KHTML, like Gecko) Chrome/69.0.3497.100 Safari/537.36"
192.168.17.29 - - [15/Oct/2018:18:49:47 +0000] "GET /js/calendar/calendar.js HTTP/1.1" 200 62591 "http://192.168.17.29/index.php/admin/dashboard/index/key/af59f804a585db69be88a9d3b9af1286/" "Mozilla/5.0 (X11; Linux x86_64) AppleWebKit/537.36 (KHTML, like Gecko) Chrome/69.0.3497.100 Safari/537.36"
192.168.17.29 - - [15/Oct/2018:18:49:47 +0000] "GET /js/calendar/calendar-setup.js HTTP/1.1" 200 4986 "http://192.168.17.29/index.php/admin/dashboard/index/key/af59f804a585db69be88a9d3b9af1286/" "Mozilla/5.0 (X11; Linux x86_64) AppleWebKit/537.36 (KHTML, like Gecko) Chrome/69.0.3497.100 Safari/537.36"
192.168.17.29 - - [15/Oct/2018:18:49:47 +0000] "GET /skin/adminhtml/default/default/images/logo.gif HTTP/1.1" 200 3144 "http://192.168.17.29/index.php/admin/dashboard/index/key/af59f804a585db69be88a9d3b9af1286/" "Mozilla/5.0 (X11; Linux x86_64) AppleWebKit/537.36 (KHTML, like Gecko) Chrome/69.0.3497.100 Safari/537.36"
192.168.17.29 - - [15/Oct/2018:18:49:47 +0000] "GET /skin/adminhtml/default/default/images/ajax-loader.gif HTTP/1.1" 200 505 "http://192.168.17.29/index.php/admin/dashboard/index/key/af59f804a585db69be88a9d3b9af1286/" "Mozilla/5.0 (X11; Linux x86_64) AppleWebKit/537.36 (KHTML, like Gecko) Chrome/69.0.3497.100 Safari/537.36"
192.168.17.29 - - [15/Oct/2018:18:49:48 +0000] "GET /skin/adminhtml/default/default/images/varien_logo.gif HTTP/1.1" 200 403 "http://192.168.17.29/index.php/admin/dashboard/index/key/af59f804a585db69be88a9d3b9af1286/" "Mozilla/5.0 (X11; Linux x86_64) AppleWebKit/537.36 (KHTML, like Gecko) Chrome/69.0.3497.100 Safari/537.36"
192.168.17.29 - - [15/Oct/2018:18:49:48 +0000] "GET /skin/adminhtml/default/default/images/ajax-loader-tr.gif HTTP/1.1" 200 2608 "http://192.168.17.29/index.php/admin/dashboard/index/key/af59f804a585db69be88a9d3b9af1286/" "Mozilla/5.0 (X11; Linux x86_64) AppleWebKit/537.36 (KHTML, like Gecko) Chrome/69.0.3497.100 Safari/537.36"
192.168.17.29 - - [15/Oct/2018:18:49:48 +0000] "GET /skin/adminhtml/default/default/print.css HTTP/1.1" 200 1478 "http://192.168.17.29/index.php/admin/dashboard/index/key/af59f804a585db69be88a9d3b9af1286/" "Mozilla/5.0 (X11; Linux x86_64) AppleWebKit/537.36 (KHTML, like Gecko) Chrome/69.0.3497.100 Safari/537.36"
192.168.17.29 - - [15/Oct/2018:18:49:48 +0000] "GET /skin/adminhtml/default/default/images/header_top_bg.gif HTTP/1.1" 200 286 "http://192.168.17.29/skin/adminhtml/default/default/boxes.css" "Mozilla/5.0 (X11; Linux x86_64) AppleWebKit/537.36 (KHTML, like Gecko) Chrome/69.0.3497.100 Safari/537.36"
192.168.17.29 - - [15/Oct/2018:18:49:48 +0000] "GET /skin/adminhtml/default/default/images/nav1_bg.gif HTTP/1.1" 200 50 "http://192.168.17.29/skin/adminhtml/default/default/menu.css" "Mozilla/5.0 (X11; Linux x86_64) AppleWebKit/537.36 (KHTML, like Gecko) Chrome/69.0.3497.100 Safari/537.36"
192.168.17.29 - - [15/Oct/2018:18:49:48 +0000] "GET /skin/adminhtml/default/default/images/fam_help.gif HTTP/1.1" 200 1024 "http://192.168.17.29/skin/adminhtml/default/default/boxes.css" "Mozilla/5.0 (X11; Linux x86_64) AppleWebKit/537.36 (KHTML, like Gecko) Chrome/69.0.3497.100 Safari/537.36"
192.168.17.29 - - [15/Oct/2018:18:49:48 +0000] "GET /skin/adminhtml/default/default/images/nav1_sep.gif HTTP/1.1" 200 154 "http://192.168.17.29/skin/adminhtml/default/default/menu.css" "Mozilla/5.0 (X11; Linux x86_64) AppleWebKit/537.36 (KHTML, like Gecko) Chrome/69.0.3497.100 Safari/537.36"
192.168.17.29 - - [15/Oct/2018:18:49:48 +0000] "GET /skin/adminhtml/default/default/images/nav2_last_li_bg.png HTTP/1.1" 200 350 "http://192.168.17.29/skin/adminhtml/default/default/menu.css" "Mozilla/5.0 (X11; Linux x86_64) AppleWebKit/537.36 (KHTML, like Gecko) Chrome/69.0.3497.100 Safari/537.36"
192.168.17.29 - - [15/Oct/2018:18:49:48 +0000] "GET /skin/adminhtml/default/default/images/nav2_li_bg.png HTTP/1.1" 200 163 "http://192.168.17.29/skin/adminhtml/default/default/menu.css" "Mozilla/5.0 (X11; Linux x86_64) AppleWebKit/537.36 (KHTML, like Gecko) Chrome/69.0.3497.100 Safari/537.36"
192.168.17.29 - - [15/Oct/2018:18:49:48 +0000] "GET /skin/adminhtml/default/default/images/nav2_link_bg.gif HTTP/1.1" 200 43 "http://192.168.17.29/skin/adminhtml/default/default/menu.css" "Mozilla/5.0 (X11; Linux x86_64) AppleWebKit/537.36 (KHTML, like Gecko) Chrome/69.0.3497.100 Safari/537.36"
192.168.17.29 - - [15/Oct/2018:18:49:48 +0000] "GET /skin/adminhtml/default/default/images/nav3_bg.png HTTP/1.1" 200 164 "http://192.168.17.29/skin/adminhtml/default/default/menu.css" "Mozilla/5.0 (X11; Linux x86_64) AppleWebKit/537.36 (KHTML, like Gecko) Chrome/69.0.3497.100 Safari/537.36"
192.168.17.29 - - [15/Oct/2018:18:49:48 +0000] "GET /skin/adminhtml/default/default/images/nav1_active.gif HTTP/1.1" 200 1315 "http://192.168.17.29/skin/adminhtml/default/default/menu.css" "Mozilla/5.0 (X11; Linux x86_64) AppleWebKit/537.36 (KHTML, like Gecko) Chrome/69.0.3497.100 Safari/537.36"
192.168.17.29 - - [15/Oct/2018:18:49:48 +0000] "GET /skin/adminhtml/default/default/images/nav2_parent_arrow.gif HTTP/1.1" 200 84 "http://192.168.17.29/skin/adminhtml/default/default/menu.css" "Mozilla/5.0 (X11; Linux x86_64) AppleWebKit/537.36 (KHTML, like Gecko) Chrome/69.0.3497.100 Safari/537.36"
192.168.17.29 - - [15/Oct/2018:18:49:48 +0000] "GET /skin/adminhtml/default/default/images/simple_container_bg.gif HTTP/1.1" 200 49 "http://192.168.17.29/skin/adminhtml/default/default/boxes.css" "Mozilla/5.0 (X11; Linux x86_64) AppleWebKit/537.36 (KHTML, like Gecko) Chrome/69.0.3497.100 Safari/537.36"
192.168.17.29 - - [15/Oct/2018:18:49:48 +0000] "GET /skin/adminhtml/default/default/images/sort_row_bg.gif HTTP/1.1" 200 535 "http://192.168.17.29/skin/adminhtml/default/default/boxes.css" "Mozilla/5.0 (X11; Linux x86_64) AppleWebKit/537.36 (KHTML, like Gecko) Chrome/69.0.3497.100 Safari/537.36"
192.168.17.29 - - [15/Oct/2018:18:49:48 +0000] "GET /skin/adminhtml/default/default/images/error_msg_icon.gif HTTP/1.1" 200 1013 "http://192.168.17.29/skin/adminhtml/default/default/boxes.css" "Mozilla/5.0 (X11; Linux x86_64) AppleWebKit/537.36 (KHTML, like Gecko) Chrome/69.0.3497.100 Safari/537.36"
192.168.17.29 - - [15/Oct/2018:18:49:48 +0000] "GET /skin/adminhtml/default/default/images/blank.gif HTTP/1.1" 200 43 "http://192.168.17.29/skin/adminhtml/default/default/boxes.css" "Mozilla/5.0 (X11; Linux x86_64) AppleWebKit/537.36 (KHTML, like Gecko) Chrome/69.0.3497.100 Safari/537.36"
192.168.17.29 - - [15/Oct/2018:18:49:48 +0000] "GET /skin/adminhtml/default/default/images/footer_bg.gif HTTP/1.1" 200 332 "http://192.168.17.29/skin/adminhtml/default/default/boxes.css" "Mozilla/5.0 (X11; Linux x86_64) AppleWebKit/537.36 (KHTML, like Gecko) Chrome/69.0.3497.100 Safari/537.36"
192.168.17.29 - - [15/Oct/2018:18:49:48 +0000] "GET /skin/adminhtml/default/default/images/horiz_tabs_ul_bg.gif HTTP/1.1" 200 50 "http://192.168.17.29/skin/adminhtml/default/default/boxes.css" "Mozilla/5.0 (X11; Linux x86_64) AppleWebKit/537.36 (KHTML, like Gecko) Chrome/69.0.3497.100 Safari/537.36"
172.18.0.1 - - [15/Oct/2018:18:49:53 +0000] "POST /app/etc/local.xml HTTP/1.1" 405 150 "-" "-"
192.168.17.29 - - [15/Oct/2018:18:49:53 +0000] "GET /index.php/admin/system_config/edit/section/admin/key/7606f63a444c063d879a33a56a9752e7/ HTTP/1.1" 200 30519 "http://192.168.17.29/index.php/admin/dashboard/index/key/af59f804a585db69be88a9d3b9af1286/" "Mozilla/5.0 (X11; Linux x86_64) AppleWebKit/537.36 (KHTML, like Gecko) Chrome/69.0.3497.100 Safari/537.36"
192.168.17.29 - - [15/Oct/2018:18:49:53 +0000] "GET /skin/adminhtml/default/default/images/side_col_bg.gif HTTP/1.1" 200 49 "http://192.168.17.29/skin/adminhtml/default/default/boxes.css" "Mozilla/5.0 (X11; Linux x86_64) AppleWebKit/537.36 (KHTML, like Gecko) Chrome/69.0.3497.100 Safari/537.36"
192.168.17.29 - - [15/Oct/2018:18:49:53 +0000] "GET /skin/adminhtml/default/default/images/note_bg.gif HTTP/1.1" 200 107 "http://192.168.17.29/skin/adminhtml/default/default/boxes.css" "Mozilla/5.0 (X11; Linux x86_64) AppleWebKit/537.36 (KHTML, like Gecko) Chrome/69.0.3497.100 Safari/537.36"
192.168.17.29 - - [15/Oct/2018:18:49:53 +0000] "GET /skin/adminhtml/default/default/images/entry_edit_head_arrow_down.gif HTTP/1.1" 200 677 "http://192.168.17.29/skin/adminhtml/default/default/boxes.css" "Mozilla/5.0 (X11; Linux x86_64) AppleWebKit/537.36 (KHTML, like Gecko) Chrome/69.0.3497.100 Safari/537.36"
192.168.17.29 - - [15/Oct/2018:18:49:53 +0000] "GET /skin/adminhtml/default/default/images/save_btn_icon.gif HTTP/1.1" 200 203 "http://192.168.17.29/skin/adminhtml/default/default/boxes.css" "Mozilla/5.0 (X11; Linux x86_64) AppleWebKit/537.36 (KHTML, like Gecko) Chrome/69.0.3497.100 Safari/537.36"
192.168.17.29 - - [15/Oct/2018:18:49:53 +0000] "GET /skin/adminhtml/default/default/images/tabs_link_bg.gif HTTP/1.1" 200 49 "http://192.168.17.29/skin/adminhtml/default/default/boxes.css" "Mozilla/5.0 (X11; Linux x86_64) AppleWebKit/537.36 (KHTML, like Gecko) Chrome/69.0.3497.100 Safari/537.36"
192.168.17.29 - - [15/Oct/2018:18:49:53 +0000] "GET /skin/adminhtml/default/default/images/tabs_span_bg.gif HTTP/1.1" 200 43 "http://192.168.17.29/skin/adminhtml/default/default/boxes.css" "Mozilla/5.0 (X11; Linux x86_64) AppleWebKit/537.36 (KHTML, like Gecko) Chrome/69.0.3497.100 Safari/537.36"
192.168.17.29 - - [15/Oct/2018:18:49:53 +0000] "GET /skin/adminhtml/default/default/images/config_tab_dt_bg.gif HTTP/1.1" 200 383 "http://192.168.17.29/skin/adminhtml/default/default/boxes.css" "Mozilla/5.0 (X11; Linux x86_64) AppleWebKit/537.36 (KHTML, like Gecko) Chrome/69.0.3497.100 Safari/537.36"
192.168.17.29 - - [15/Oct/2018:18:49:53 +0000] "GET /skin/adminhtml/default/default/images/i_question-mark.png HTTP/1.1" 200 1654 "http://192.168.17.29/skin/adminhtml/default/default/boxes.css" "Mozilla/5.0 (X11; Linux x86_64) AppleWebKit/537.36 (KHTML, like Gecko) Chrome/69.0.3497.100 Safari/537.36"
192.168.17.29 - - [15/Oct/2018:18:49:57 +0000] "GET /skin/adminhtml/default/default/images/entry_edit_head_arrow_up.gif HTTP/1.1" 200 637 "http://192.168.17.29/skin/adminhtml/default/default/boxes.css" "Mozilla/5.0 (X11; Linux x86_64) AppleWebKit/537.36 (KHTML, like Gecko) Chrome/69.0.3497.100 Safari/537.36"
192.168.17.29 - - [15/Oct/2018:18:49:57 +0000] "GET /index.php/admin/system_config/state/key/f7619b93e3b670f482bd06220d029976/?isAjax=true&container=admin_security&value=1&form_key=bYwUtPF6jt2TpiRb HTTP/1.1" 200 31 "http://192.168.17.29/index.php/admin/system_config/edit/section/admin/key/7606f63a444c063d879a33a56a9752e7/" "Mozilla/5.0 (X11; Linux x86_64) AppleWebKit/537.36 (KHTML, like Gecko) Chrome/69.0.3497.100 Safari/537.36"
192.168.17.29 - - [15/Oct/2018:18:49:59 +0000] "GET /skin/adminhtml/default/default/images/btn_over_bg.gif HTTP/1.1" 200 147 "http://192.168.17.29/skin/adminhtml/default/default/boxes.css" "Mozilla/5.0 (X11; Linux x86_64) AppleWebKit/537.36 (KHTML, like Gecko) Chrome/69.0.3497.100 Safari/537.36"
192.168.17.29 - - [15/Oct/2018:18:49:59 +0000] "GET /skin/adminhtml/default/default/images/btn_on_bg.gif HTTP/1.1" 200 63 "http://192.168.17.29/skin/adminhtml/default/default/boxes.css" "Mozilla/5.0 (X11; Linux x86_64) AppleWebKit/537.36 (KHTML, like Gecko) Chrome/69.0.3497.100 Safari/537.36"
192.168.17.29 - - [15/Oct/2018:18:50:00 +0000] "POST /index.php/admin/system_config/save/section/admin/key/ccd465490d99dde00da7c69f69268a95/ HTTP/1.1" 302 5 "http://192.168.17.29/index.php/admin/system_config/edit/section/admin/key/7606f63a444c063d879a33a56a9752e7/" "Mozilla/5.0 (X11; Linux x86_64) AppleWebKit/537.36 (KHTML, like Gecko) Chrome/69.0.3497.100 Safari/537.36"
192.168.17.29 - - [15/Oct/2018:18:50:00 +0000] "GET /index.php/admin HTTP/1.1" 200 1211 "http://192.168.17.29/index.php/admin/system_config/edit/section/admin/key/7606f63a444c063d879a33a56a9752e7/" "Mozilla/5.0 (X11; Linux x86_64) AppleWebKit/537.36 (KHTML, like Gecko) Chrome/69.0.3497.100 Safari/537.36"
192.168.17.20 - - [15/Oct/2018:18:50:01 +0000] "GET / HTTP/1.1" 200 6474 "-" "Mozilla/5.0 (Windows NT 10.0; Win64; x64) AppleWebKit/537.36 (KHTML, like Gecko) Chrome/69.0.3497.100 Safari/537.36"
192.168.17.20 - - [15/Oct/2018:18:50:01 +0000] "GET /js/prototype/prototype.js HTTP/1.1" 200 163313 "http://192.168.17.29/" "Mozilla/5.0 (Windows NT 10.0; Win64; x64) AppleWebKit/537.36 (KHTML, like Gecko) Chrome/69.0.3497.100 Safari/537.36"
192.168.17.20 - - [15/Oct/2018:18:50:01 +0000] "GET /js/lib/jquery/jquery-1.12.0.min.js HTTP/1.1" 200 97362 "http://192.168.17.29/" "Mozilla/5.0 (Windows NT 10.0; Win64; x64) AppleWebKit/537.36 (KHTML, like Gecko) Chrome/69.0.3497.100 Safari/537.36"
192.168.17.20 - - [15/Oct/2018:18:50:01 +0000] "GET /js/lib/jquery/noconflict.js HTTP/1.1" 200 1029 "http://192.168.17.29/" "Mozilla/5.0 (Windows NT 10.0; Win64; x64) AppleWebKit/537.36 (KHTML, like Gecko) Chrome/69.0.3497.100 Safari/537.36"
192.168.17.20 - - [15/Oct/2018:18:50:01 +0000] "GET /js/lib/ccard.js HTTP/1.1" 200 747 "http://192.168.17.29/" "Mozilla/5.0 (Windows NT 10.0; Win64; x64) AppleWebKit/537.36 (KHTML, like Gecko) Chrome/69.0.3497.100 Safari/537.36"
192.168.17.20 - - [15/Oct/2018:18:50:01 +0000] "GET /js/prototype/validation.js HTTP/1.1" 200 43437 "http://192.168.17.29/" "Mozilla/5.0 (Windows NT 10.0; Win64; x64) AppleWebKit/537.36 (KHTML, like Gecko) Chrome/69.0.3497.100 Safari/537.36"
192.168.17.20 - - [15/Oct/2018:18:50:01 +0000] "GET /js/scriptaculous/builder.js HTTP/1.1" 200 4744 "http://192.168.17.29/" "Mozilla/5.0 (Windows NT 10.0; Win64; x64) AppleWebKit/537.36 (KHTML, like Gecko) Chrome/69.0.3497.100 Safari/537.36"
192.168.17.20 - - [15/Oct/2018:18:50:01 +0000] "GET /js/scriptaculous/effects.js HTTP/1.1" 200 38745 "http://192.168.17.29/" "Mozilla/5.0 (Windows NT 10.0; Win64; x64) AppleWebKit/537.36 (KHTML, like Gecko) Chrome/69.0.3497.100 Safari/537.36"
192.168.17.20 - - [15/Oct/2018:18:50:01 +0000] "GET /js/scriptaculous/dragdrop.js HTTP/1.1" 200 31066 "http://192.168.17.29/" "Mozilla/5.0 (Windows NT 10.0; Win64; x64) AppleWebKit/537.36 (KHTML, like Gecko) Chrome/69.0.3497.100 Safari/537.36"
192.168.17.20 - - [15/Oct/2018:18:50:01 +0000] "GET /js/scriptaculous/controls.js HTTP/1.1" 200 34797 "http://192.168.17.29/" "Mozilla/5.0 (Windows NT 10.0; Win64; x64) AppleWebKit/537.36 (KHTML, like Gecko) Chrome/69.0.3497.100 Safari/537.36"
192.168.17.20 - - [15/Oct/2018:18:50:01 +0000] "GET /js/scriptaculous/slider.js HTTP/1.1" 200 10331 "http://192.168.17.29/" "Mozilla/5.0 (Windows NT 10.0; Win64; x64) AppleWebKit/537.36 (KHTML, like Gecko) Chrome/69.0.3497.100 Safari/537.36"
192.168.17.20 - - [15/Oct/2018:18:50:01 +0000] "GET /js/varien/js.js HTTP/1.1" 200 22962 "http://192.168.17.29/" "Mozilla/5.0 (Windows NT 10.0; Win64; x64) AppleWebKit/537.36 (KHTML, like Gecko) Chrome/69.0.3497.100 Safari/537.36"
192.168.17.20 - - [15/Oct/2018:18:50:01 +0000] "GET /js/mage/translate.js HTTP/1.1" 200 1580 "http://192.168.17.29/" "Mozilla/5.0 (Windows NT 10.0; Win64; x64) AppleWebKit/537.36 (KHTML, like Gecko) Chrome/69.0.3497.100 Safari/537.36"
192.168.17.20 - - [15/Oct/2018:18:50:01 +0000] "GET /skin/frontend/rwd/default/css/madisonisland.css HTTP/1.1" 200 7670 "http://192.168.17.29/" "Mozilla/5.0 (Windows NT 10.0; Win64; x64) AppleWebKit/537.36 (KHTML, like Gecko) Chrome/69.0.3497.100 Safari/537.36"
192.168.17.20 - - [15/Oct/2018:18:50:01 +0000] "GET /js/varien/form.js HTTP/1.1" 200 15070 "http://192.168.17.29/" "Mozilla/5.0 (Windows NT 10.0; Win64; x64) AppleWebKit/537.36 (KHTML, like Gecko) Chrome/69.0.3497.100 Safari/537.36"
192.168.17.20 - - [15/Oct/2018:18:50:01 +0000] "GET /js/mage/cookies.js HTTP/1.1" 200 2597 "http://192.168.17.29/" "Mozilla/5.0 (Windows NT 10.0; Win64; x64) AppleWebKit/537.36 (KHTML, like Gecko) Chrome/69.0.3497.100 Safari/537.36"
192.168.17.20 - - [15/Oct/2018:18:50:01 +0000] "GET /skin/frontend/rwd/default/js/lib/modernizr.custom.min.js HTTP/1.1" 200 8876 "http://192.168.17.29/" "Mozilla/5.0 (Windows NT 10.0; Win64; x64) AppleWebKit/537.36 (KHTML, like Gecko) Chrome/69.0.3497.100 Safari/537.36"
192.168.17.20 - - [15/Oct/2018:18:50:01 +0000] "GET /skin/frontend/rwd/default/css/styles.css HTTP/1.1" 200 230109 "http://192.168.17.29/" "Mozilla/5.0 (Windows NT 10.0; Win64; x64) AppleWebKit/537.36 (KHTML, like Gecko) Chrome/69.0.3497.100 Safari/537.36"
192.168.17.20 - - [15/Oct/2018:18:50:01 +0000] "GET /skin/frontend/rwd/default/js/lib/selectivizr.js HTTP/1.1" 200 23309 "http://192.168.17.29/" "Mozilla/5.0 (Windows NT 10.0; Win64; x64) AppleWebKit/537.36 (KHTML, like Gecko) Chrome/69.0.3497.100 Safari/537.36"
192.168.17.20 - - [15/Oct/2018:18:50:01 +0000] "GET /skin/frontend/rwd/default/js/lib/matchMedia.js HTTP/1.1" 200 1700 "http://192.168.17.29/" "Mozilla/5.0 (Windows NT 10.0; Win64; x64) AppleWebKit/537.36 (KHTML, like Gecko) Chrome/69.0.3497.100 Safari/537.36"
192.168.17.20 - - [15/Oct/2018:18:50:01 +0000] "GET /skin/frontend/rwd/default/js/lib/enquire.js HTTP/1.1" 200 9520 "http://192.168.17.29/" "Mozilla/5.0 (Windows NT 10.0; Win64; x64) AppleWebKit/537.36 (KHTML, like Gecko) Chrome/69.0.3497.100 Safari/537.36"
192.168.17.20 - - [15/Oct/2018:18:50:01 +0000] "GET /skin/frontend/rwd/default/js/lib/matchMedia.addListener.js HTTP/1.1" 200 2816 "http://192.168.17.29/" "Mozilla/5.0 (Windows NT 10.0; Win64; x64) AppleWebKit/537.36 (KHTML, like Gecko) Chrome/69.0.3497.100 Safari/537.36"
192.168.17.20 - - [15/Oct/2018:18:50:01 +0000] "GET /skin/frontend/rwd/default/js/app.js HTTP/1.1" 200 45741 "http://192.168.17.29/" "Mozilla/5.0 (Windows NT 10.0; Win64; x64) AppleWebKit/537.36 (KHTML, like Gecko) Chrome/69.0.3497.100 Safari/537.36"
192.168.17.20 - - [15/Oct/2018:18:50:01 +0000] "GET /skin/frontend/rwd/default/js/lib/jquery.cycle2.min.js HTTP/1.1" 200 22375 "http://192.168.17.29/" "Mozilla/5.0 (Windows NT 10.0; Win64; x64) AppleWebKit/537.36 (KHTML, like Gecko) Chrome/69.0.3497.100 Safari/537.36"
192.168.17.20 - - [15/Oct/2018:18:50:01 +0000] "GET /skin/frontend/rwd/default/js/lib/jquery.cycle2.swipe.min.js HTTP/1.1" 200 1323 "http://192.168.17.29/" "Mozilla/5.0 (Windows NT 10.0; Win64; x64) AppleWebKit/537.36 (KHTML, like Gecko) Chrome/69.0.3497.100 Safari/537.36"
192.168.17.20 - - [15/Oct/2018:18:50:01 +0000] "GET /skin/frontend/rwd/default/js/slideshow.js HTTP/1.1" 200 1506 "http://192.168.17.29/" "Mozilla/5.0 (Windows NT 10.0; Win64; x64) AppleWebKit/537.36 (KHTML, like Gecko) Chrome/69.0.3497.100 Safari/537.36"
192.168.17.20 - - [15/Oct/2018:18:50:01 +0000] "GET /skin/frontend/rwd/default/js/lib/imagesloaded.js HTTP/1.1" 200 6894 "http://192.168.17.29/" "Mozilla/5.0 (Windows NT 10.0; Win64; x64) AppleWebKit/537.36 (KHTML, like Gecko) Chrome/69.0.3497.100 Safari/537.36"
192.168.17.20 - - [15/Oct/2018:18:50:01 +0000] "GET /skin/frontend/rwd/default/js/minicart.js HTTP/1.1" 200 7658 "http://192.168.17.29/" "Mozilla/5.0 (Windows NT 10.0; Win64; x64) AppleWebKit/537.36 (KHTML, like Gecko) Chrome/69.0.3497.100 Safari/537.36"
192.168.17.20 - - [15/Oct/2018:18:50:01 +0000] "GET /skin/frontend/rwd/default/images/logo.gif HTTP/1.1" 200 2970 "http://192.168.17.29/" "Mozilla/5.0 (Windows NT 10.0; Win64; x64) AppleWebKit/537.36 (KHTML, like Gecko) Chrome/69.0.3497.100 Safari/537.36"
192.168.17.20 - - [15/Oct/2018:18:50:01 +0000] "GET /skin/frontend/rwd/default/images/icon_sprite.png HTTP/1.1" 200 11899 "http://192.168.17.29/skin/frontend/rwd/default/css/styles.css" "Mozilla/5.0 (Windows NT 10.0; Win64; x64) AppleWebKit/537.36 (KHTML, like Gecko) Chrome/69.0.3497.100 Safari/537.36"
192.168.17.20 - - [15/Oct/2018:18:50:03 +0000] "GET /skin/frontend/base/default/favicon.ico HTTP/1.1" 200 1150 "http://192.168.17.29/" "Mozilla/5.0 (Windows NT 10.0; Win64; x64) AppleWebKit/537.36 (KHTML, like Gecko) Chrome/69.0.3497.100 Safari/537.36"
192.168.17.29 - - [15/Oct/2018:18:50:04 +0000] "POST /index.php/admin HTTP/1.1" 200 1302 "http://192.168.17.29/index.php/admin" "Mozilla/5.0 (X11; Linux x86_64) AppleWebKit/537.36 (KHTML, like Gecko) Chrome/69.0.3497.100 Safari/537.36"
192.168.17.29 - - [15/Oct/2018:18:50:08 +0000] "POST /index.php/admin HTTP/1.1" 302 5 "http://192.168.17.29/index.php/admin" "Mozilla/5.0 (X11; Linux x86_64) AppleWebKit/537.36 (KHTML, like Gecko) Chrome/69.0.3497.100 Safari/537.36"
192.168.17.29 - - [15/Oct/2018:18:50:08 +0000] "GET /index.php/admin/index/index/key/bc651f64f44511e73b63128afe68e224/ HTTP/1.1" 302 5 "http://192.168.17.29/index.php/admin" "Mozilla/5.0 (X11; Linux x86_64) AppleWebKit/537.36 (KHTML, like Gecko) Chrome/69.0.3497.100 Safari/537.36"
172.18.0.1 - - [15/Oct/2018:18:50:08 +0000] "POST /app/etc/local.xml HTTP/1.1" 405 150 "-" "-"
192.168.17.29 - - [15/Oct/2018:18:50:08 +0000] "GET /index.php/admin/dashboard/index/key/5cc628152fe295991004ffd22e397824/ HTTP/1.1" 200 18380 "http://192.168.17.29/index.php/admin" "Mozilla/5.0 (X11; Linux x86_64) AppleWebKit/537.36 (KHTML, like Gecko) Chrome/69.0.3497.100 Safari/537.36"
192.168.17.29 - - [15/Oct/2018:18:50:08 +0000] "GET /skin/adminhtml/default/default/images/more_arrow.gif HTTP/1.1" 200 90 "http://192.168.17.29/skin/adminhtml/default/default/boxes.css" "Mozilla/5.0 (X11; Linux x86_64) AppleWebKit/537.36 (KHTML, like Gecko) Chrome/69.0.3497.100 Safari/537.36"
192.168.17.29 - - [15/Oct/2018:18:50:08 +0000] "GET /skin/adminhtml/default/default/images/bkg_btn-close.gif HTTP/1.1" 200 146 "http://192.168.17.29/skin/adminhtml/default/default/boxes.css" "Mozilla/5.0 (X11; Linux x86_64) AppleWebKit/537.36 (KHTML, like Gecko) Chrome/69.0.3497.100 Safari/537.36"
192.168.17.29 - - [15/Oct/2018:18:50:08 +0000] "GET /skin/adminhtml/default/default/images/bkg_btn-close2.gif HTTP/1.1" 200 356 "http://192.168.17.29/skin/adminhtml/default/default/boxes.css" "Mozilla/5.0 (X11; Linux x86_64) AppleWebKit/537.36 (KHTML, like Gecko) Chrome/69.0.3497.100 Safari/537.36"
172.18.0.1 - - [15/Oct/2018:18:50:13 +0000] "POST /app/etc/local.xml HTTP/1.1" 405 150 "-" "-"
192.168.17.29 - - [15/Oct/2018:18:50:13 +0000] "GET /index.php/admin/process/list/key/e3ba2477696c98d140675edff957a364/ HTTP/1.1" 200 17803 "http://192.168.17.29/index.php/admin/dashboard/index/key/5cc628152fe295991004ffd22e397824/" "Mozilla/5.0 (X11; Linux x86_64) AppleWebKit/537.36 (KHTML, like Gecko) Chrome/69.0.3497.100 Safari/537.36"
192.168.17.29 - - [15/Oct/2018:18:50:14 +0000] "GET /skin/adminhtml/default/default/images/bg_notifications.gif HTTP/1.1" 200 1962 "http://192.168.17.29/skin/adminhtml/default/default/boxes.css" "Mozilla/5.0 (X11; Linux x86_64) AppleWebKit/537.36 (KHTML, like Gecko) Chrome/69.0.3497.100 Safari/537.36"
192.168.17.29 - - [15/Oct/2018:18:50:14 +0000] "GET /skin/adminhtml/default/default/images/massaction_bg.gif HTTP/1.1" 200 151 "http://192.168.17.29/skin/adminhtml/default/default/boxes.css" "Mozilla/5.0 (X11; Linux x86_64) AppleWebKit/537.36 (KHTML, like Gecko) Chrome/69.0.3497.100 Safari/537.36"
192.168.17.29 - - [15/Oct/2018:18:50:21 +0000] "POST /index.php/admin/process/massReindex/key/1dc45805c436894d789bab969067fb03/ HTTP/1.1" 302 5 "http://192.168.17.29/index.php/admin/process/list/key/e3ba2477696c98d140675edff957a364/" "Mozilla/5.0 (X11; Linux x86_64) AppleWebKit/537.36 (KHTML, like Gecko) Chrome/69.0.3497.100 Safari/537.36"
172.18.0.1 - - [15/Oct/2018:18:50:21 +0000] "POST /app/etc/local.xml HTTP/1.1" 405 150 "-" "-"
192.168.17.29 - - [15/Oct/2018:18:50:21 +0000] "GET /index.php/admin/process/list/key/e3ba2477696c98d140675edff957a364/ HTTP/1.1" 200 17563 "http://192.168.17.29/index.php/admin/process/list/key/e3ba2477696c98d140675edff957a364/" "Mozilla/5.0 (X11; Linux x86_64) AppleWebKit/537.36 (KHTML, like Gecko) Chrome/69.0.3497.100 Safari/537.36"
192.168.17.29 - - [15/Oct/2018:18:50:21 +0000] "GET /skin/adminhtml/default/default/images/success_msg_icon.gif HTTP/1.1" 200 1024 "http://192.168.17.29/skin/adminhtml/default/default/boxes.css" "Mozilla/5.0 (X11; Linux x86_64) AppleWebKit/537.36 (KHTML, like Gecko) Chrome/69.0.3497.100 Safari/537.36"
172.18.0.1 - - [15/Oct/2018:18:50:23 +0000] "POST /app/etc/local.xml HTTP/1.1" 405 150 "-" "-"
192.168.17.29 - - [15/Oct/2018:18:50:23 +0000] "GET /index.php/admin/notification/index/key/6ddb03ce8c4411f111c85cd5b224b730/ HTTP/1.1" 200 17768 "http://192.168.17.29/index.php/admin/process/list/key/e3ba2477696c98d140675edff957a364/" "Mozilla/5.0 (X11; Linux x86_64) AppleWebKit/537.36 (KHTML, like Gecko) Chrome/69.0.3497.100 Safari/537.36"
192.168.17.29 - - [15/Oct/2018:18:50:23 +0000] "GET /skin/adminhtml/default/default/images/pager_arrow_left_off.gif HTTP/1.1" 200 218 "http://192.168.17.29/index.php/admin/notification/index/key/6ddb03ce8c4411f111c85cd5b224b730/" "Mozilla/5.0 (X11; Linux x86_64) AppleWebKit/537.36 (KHTML, like Gecko) Chrome/69.0.3497.100 Safari/537.36"
192.168.17.29 - - [15/Oct/2018:18:50:23 +0000] "GET /skin/adminhtml/default/default/images/pager_arrow_right_off.gif HTTP/1.1" 200 219 "http://192.168.17.29/index.php/admin/notification/index/key/6ddb03ce8c4411f111c85cd5b224b730/" "Mozilla/5.0 (X11; Linux x86_64) AppleWebKit/537.36 (KHTML, like Gecko) Chrome/69.0.3497.100 Safari/537.36"
192.168.17.29 - - [15/Oct/2018:18:50:24 +0000] "GET /skin/adminhtml/default/default/images/sort_on_bg.gif HTTP/1.1" 200 1244 "http://192.168.17.29/skin/adminhtml/default/default/boxes.css" "Mozilla/5.0 (X11; Linux x86_64) AppleWebKit/537.36 (KHTML, like Gecko) Chrome/69.0.3497.100 Safari/537.36"
192.168.17.29 - - [15/Oct/2018:18:50:24 +0000] "GET /skin/adminhtml/default/default/images/grid_sort_desc.gif HTTP/1.1" 200 106 "http://192.168.17.29/skin/adminhtml/default/default/boxes.css" "Mozilla/5.0 (X11; Linux x86_64) AppleWebKit/537.36 (KHTML, like Gecko) Chrome/69.0.3497.100 Safari/537.36"
192.168.17.29 - - [15/Oct/2018:18:50:24 +0000] "GET /skin/adminhtml/default/default/images/fam_folder_table.gif HTTP/1.1" 200 1039 "http://192.168.17.29/skin/adminhtml/default/default/boxes.css" "Mozilla/5.0 (X11; Linux x86_64) AppleWebKit/537.36 (KHTML, like Gecko) Chrome/69.0.3497.100 Safari/537.36"
192.168.17.29 - - [15/Oct/2018:18:50:28 +0000] "POST /index.php/admin/notification/massRemove/key/d7b191e260af6a10601dda93cceb6410/ HTTP/1.1" 302 5 "http://192.168.17.29/index.php/admin/notification/index/key/6ddb03ce8c4411f111c85cd5b224b730/" "Mozilla/5.0 (X11; Linux x86_64) AppleWebKit/537.36 (KHTML, like Gecko) Chrome/69.0.3497.100 Safari/537.36"
172.18.0.1 - - [15/Oct/2018:18:50:29 +0000] "POST /app/etc/local.xml HTTP/1.1" 405 150 "-" "-"
192.168.17.29 - - [15/Oct/2018:18:50:29 +0000] "GET /index.php/admin/notification/index/key/6ddb03ce8c4411f111c85cd5b224b730/ HTTP/1.1" 200 16612 "http://192.168.17.29/index.php/admin/notification/index/key/6ddb03ce8c4411f111c85cd5b224b730/" "Mozilla/5.0 (X11; Linux x86_64) AppleWebKit/537.36 (KHTML, like Gecko) Chrome/69.0.3497.100 Safari/537.36"
172.18.0.1 - - [15/Oct/2018:18:50:30 +0000] "POST /app/etc/local.xml HTTP/1.1" 405 150 "-" "-"
192.168.17.29 - - [15/Oct/2018:18:50:30 +0000] "GET /index.php/admin/catalog_product/index/key/7ba18c3d664c769a48b4c4a06ea33cbc/ HTTP/1.1" 200 17798 "http://192.168.17.29/index.php/admin/notification/index/key/6ddb03ce8c4411f111c85cd5b224b730/" "Mozilla/5.0 (X11; Linux x86_64) AppleWebKit/537.36 (KHTML, like Gecko) Chrome/69.0.3497.100 Safari/537.36"
192.168.17.29 - - [15/Oct/2018:18:50:30 +0000] "GET /skin/adminhtml/default/default/images/filter_row_bg.gif HTTP/1.1" 200 111 "http://192.168.17.29/skin/adminhtml/default/default/boxes.css" "Mozilla/5.0 (X11; Linux x86_64) AppleWebKit/537.36 (KHTML, like Gecko) Chrome/69.0.3497.100 Safari/537.36"
192.168.17.29 - - [15/Oct/2018:18:50:30 +0000] "GET /skin/adminhtml/default/default/images/icon_feed.gif HTTP/1.1" 200 351 "http://192.168.17.29/skin/adminhtml/default/default/boxes.css" "Mozilla/5.0 (X11; Linux x86_64) AppleWebKit/537.36 (KHTML, like Gecko) Chrome/69.0.3497.100 Safari/537.36"
192.168.17.29 - - [15/Oct/2018:18:50:30 +0000] "GET /skin/adminhtml/default/default/images/add_btn_icon.gif HTTP/1.1" 200 344 "http://192.168.17.29/skin/adminhtml/default/default/boxes.css" "Mozilla/5.0 (X11; Linux x86_64) AppleWebKit/537.36 (KHTML, like Gecko) Chrome/69.0.3497.100 Safari/537.36"
192.168.17.29 - - [15/Oct/2018:18:50:30 +0000] "GET /skin/adminhtml/default/default/images/fam_package.gif HTTP/1.1" 200 1054 "http://192.168.17.29/skin/adminhtml/default/default/boxes.css" "Mozilla/5.0 (X11; Linux x86_64) AppleWebKit/537.36 (KHTML, like Gecko) Chrome/69.0.3497.100 Safari/537.36"
172.18.0.1 - - [15/Oct/2018:18:50:40 +0000] "POST /app/etc/local.xml HTTP/1.1" 405 150 "-" "-"
192.168.17.29 - - [15/Oct/2018:18:50:40 +0000] "GET /index.php/admin/process/list/key/e3ba2477696c98d140675edff957a364/ HTTP/1.1" 200 17251 "http://192.168.17.29/index.php/admin/catalog_product/index/key/7ba18c3d664c769a48b4c4a06ea33cbc/" "Mozilla/5.0 (X11; Linux x86_64) AppleWebKit/537.36 (KHTML, like Gecko) Chrome/69.0.3497.100 Safari/537.36"
192.168.17.29 - - [15/Oct/2018:18:50:46 +0000] "POST /index.php/admin/process/massChangeMode/key/e830073fd30f3f706bd9307a43674ba7/ HTTP/1.1" 302 5 "http://192.168.17.29/index.php/admin/process/list/key/e3ba2477696c98d140675edff957a364/" "Mozilla/5.0 (X11; Linux x86_64) AppleWebKit/537.36 (KHTML, like Gecko) Chrome/69.0.3497.100 Safari/537.36"
172.18.0.1 - - [15/Oct/2018:18:50:47 +0000] "POST /app/etc/local.xml HTTP/1.1" 405 150 "-" "-"
192.168.17.29 - - [15/Oct/2018:18:50:47 +0000] "GET /index.php/admin/process/list/key/e3ba2477696c98d140675edff957a364/ HTTP/1.1" 200 17311 "http://192.168.17.29/index.php/admin/process/list/key/e3ba2477696c98d140675edff957a364/" "Mozilla/5.0 (X11; Linux x86_64) AppleWebKit/537.36 (KHTML, like Gecko) Chrome/69.0.3497.100 Safari/537.36"
172.18.0.1 - - [15/Oct/2018:18:50:49 +0000] "POST /app/etc/local.xml HTTP/1.1" 405 150 "-" "-"
192.168.17.29 - - [15/Oct/2018:18:50:49 +0000] "GET /index.php/admin/cache/index/key/b79ad36e119540438db1dfe978d6d5e9/ HTTP/1.1" 200 17600 "http://192.168.17.29/index.php/admin/process/list/key/e3ba2477696c98d140675edff957a364/" "Mozilla/5.0 (X11; Linux x86_64) AppleWebKit/537.36 (KHTML, like Gecko) Chrome/69.0.3497.100 Safari/537.36"
192.168.17.29 - - [15/Oct/2018:18:50:49 +0000] "GET /skin/adminhtml/default/default/images/cancel_btn_bg.gif HTTP/1.1" 200 147 "http://192.168.17.29/skin/adminhtml/default/default/boxes.css" "Mozilla/5.0 (X11; Linux x86_64) AppleWebKit/537.36 (KHTML, like Gecko) Chrome/69.0.3497.100 Safari/537.36"
192.168.17.29 - - [15/Oct/2018:18:50:49 +0000] "GET /skin/adminhtml/default/default/images/cancel_btn_icon.gif HTTP/1.1" 200 648 "http://192.168.17.29/skin/adminhtml/default/default/boxes.css" "Mozilla/5.0 (X11; Linux x86_64) AppleWebKit/537.36 (KHTML, like Gecko) Chrome/69.0.3497.100 Safari/537.36"
192.168.17.29 - - [15/Oct/2018:18:50:50 +0000] "GET /skin/adminhtml/default/default/images/cancel_btn_over_bg.gif HTTP/1.1" 200 149 "http://192.168.17.29/skin/adminhtml/default/default/boxes.css" "Mozilla/5.0 (X11; Linux x86_64) AppleWebKit/537.36 (KHTML, like Gecko) Chrome/69.0.3497.100 Safari/537.36"
172.18.0.1 - - [15/Oct/2018:18:50:55 +0000] "POST /app/etc/local.xml HTTP/1.1" 405 150 "-" "-"
192.168.17.29 - - [15/Oct/2018:18:50:55 +0000] "GET /index.php/admin/system_config/index/key/fc9a30888270904e87c4a814d8222757/ HTTP/1.1" 200 42979 "http://192.168.17.29/index.php/admin/cache/index/key/b79ad36e119540438db1dfe978d6d5e9/" "Mozilla/5.0 (X11; Linux x86_64) AppleWebKit/537.36 (KHTML, like Gecko) Chrome/69.0.3497.100 Safari/537.36"
192.168.17.29 - - [15/Oct/2018:18:50:56 +0000] "GET /skin/adminhtml/default/default/images/tabs_link_over_bg.gif HTTP/1.1" 200 49 "http://192.168.17.29/skin/adminhtml/default/default/boxes.css" "Mozilla/5.0 (X11; Linux x86_64) AppleWebKit/537.36 (KHTML, like Gecko) Chrome/69.0.3497.100 Safari/537.36"
192.168.17.29 - - [15/Oct/2018:18:51:00 +0000] "GET /index.php/admin/system_config/state/key/b84fe60c68e8c1f74d67ae40bf63c7dd/?isAjax=true&container=general_country&value=1&form_key=NJoxHXsCRGcESMlu HTTP/1.1" 200 31 "http://192.168.17.29/index.php/admin/system_config/index/key/fc9a30888270904e87c4a814d8222757/" "Mozilla/5.0 (X11; Linux x86_64) AppleWebKit/537.36 (KHTML, like Gecko) Chrome/69.0.3497.100 Safari/537.36"
192.168.17.29 - - [15/Oct/2018:18:51:12 +0000] "GET /index.php/admin/system_config/state/key/b84fe60c68e8c1f74d67ae40bf63c7dd/?isAjax=true&container=general_region&value=1&form_key=NJoxHXsCRGcESMlu HTTP/1.1" 200 31 "http://192.168.17.29/index.php/admin/system_config/index/key/fc9a30888270904e87c4a814d8222757/" "Mozilla/5.0 (X11; Linux x86_64) AppleWebKit/537.36 (KHTML, like Gecko) Chrome/69.0.3497.100 Safari/537.36"
192.168.17.29 - - [15/Oct/2018:18:51:15 +0000] "GET /index.php/admin/system_config/state/key/b84fe60c68e8c1f74d67ae40bf63c7dd/?isAjax=true&container=general_locale&value=1&form_key=NJoxHXsCRGcESMlu HTTP/1.1" 200 31 "http://192.168.17.29/index.php/admin/system_config/index/key/fc9a30888270904e87c4a814d8222757/" "Mozilla/5.0 (X11; Linux x86_64) AppleWebKit/537.36 (KHTML, like Gecko) Chrome/69.0.3497.100 Safari/537.36"
192.168.17.29 - - [15/Oct/2018:18:51:18 +0000] "GET /index.php/admin/system_config/state/key/b84fe60c68e8c1f74d67ae40bf63c7dd/?isAjax=true&container=general_store_information&value=1&form_key=NJoxHXsCRGcESMlu HTTP/1.1" 200 31 "http://192.168.17.29/index.php/admin/system_config/index/key/fc9a30888270904e87c4a814d8222757/" "Mozilla/5.0 (X11; Linux x86_64) AppleWebKit/537.36 (KHTML, like Gecko) Chrome/69.0.3497.100 Safari/537.36"
192.168.17.29 - - [15/Oct/2018:18:51:23 +0000] "POST /index.php/admin/system_config/save/key/2cf05cd1cb9d944991cd441a7d0366bd/section/general/ HTTP/1.1" 302 5 "http://192.168.17.29/index.php/admin/system_config/index/key/fc9a30888270904e87c4a814d8222757/" "Mozilla/5.0 (X11; Linux x86_64) AppleWebKit/537.36 (KHTML, like Gecko) Chrome/69.0.3497.100 Safari/537.36"
172.18.0.1 - - [15/Oct/2018:18:51:24 +0000] "POST /app/etc/local.xml HTTP/1.1" 405 150 "-" "-"
192.168.17.29 - - [15/Oct/2018:18:51:24 +0000] "GET /index.php/admin/system_config/edit/section/general/key/8ecf88351402a6014c59e0336f133565/ HTTP/1.1" 200 40707 "http://192.168.17.29/index.php/admin/system_config/index/key/fc9a30888270904e87c4a814d8222757/" "Mozilla/5.0 (X11; Linux x86_64) AppleWebKit/537.36 (KHTML, like Gecko) Chrome/69.0.3497.100 Safari/537.36"
172.18.0.1 - - [15/Oct/2018:18:51:27 +0000] "POST /app/etc/local.xml HTTP/1.1" 405 150 "-" "-"
192.168.17.29 - - [15/Oct/2018:18:51:27 +0000] "GET /index.php/admin/system_config/edit/section/web/key/8ecf88351402a6014c59e0336f133565/ HTTP/1.1" 200 27495 "http://192.168.17.29/index.php/admin/system_config/edit/section/general/key/8ecf88351402a6014c59e0336f133565/" "Mozilla/5.0 (X11; Linux x86_64) AppleWebKit/537.36 (KHTML, like Gecko) Chrome/69.0.3497.100 Safari/537.36"
192.168.17.29 - - [15/Oct/2018:18:51:29 +0000] "GET /index.php/admin/system_config/state/key/b84fe60c68e8c1f74d67ae40bf63c7dd/?isAjax=true&container=web_url&value=1&form_key=NJoxHXsCRGcESMlu HTTP/1.1" 200 31 "http://192.168.17.29/index.php/admin/system_config/edit/section/web/key/8ecf88351402a6014c59e0336f133565/" "Mozilla/5.0 (X11; Linux x86_64) AppleWebKit/537.36 (KHTML, like Gecko) Chrome/69.0.3497.100 Safari/537.36"
192.168.17.29 - - [15/Oct/2018:18:51:34 +0000] "GET /index.php/admin/system_config/state/key/b84fe60c68e8c1f74d67ae40bf63c7dd/?isAjax=true&container=web_url&value=0&form_key=NJoxHXsCRGcESMlu HTTP/1.1" 200 31 "http://192.168.17.29/index.php/admin/system_config/edit/section/web/key/8ecf88351402a6014c59e0336f133565/" "Mozilla/5.0 (X11; Linux x86_64) AppleWebKit/537.36 (KHTML, like Gecko) Chrome/69.0.3497.100 Safari/537.36"
192.168.17.29 - - [15/Oct/2018:18:51:35 +0000] "GET /index.php/admin/system_config/state/key/b84fe60c68e8c1f74d67ae40bf63c7dd/?isAjax=true&container=web_seo&value=1&form_key=NJoxHXsCRGcESMlu HTTP/1.1" 200 31 "http://192.168.17.29/index.php/admin/system_config/edit/section/web/key/8ecf88351402a6014c59e0336f133565/" "Mozilla/5.0 (X11; Linux x86_64) AppleWebKit/537.36 (KHTML, like Gecko) Chrome/69.0.3497.100 Safari/537.36"
192.168.17.29 - - [15/Oct/2018:18:51:35 +0000] "GET /index.php/admin/system_config/state/key/b84fe60c68e8c1f74d67ae40bf63c7dd/?isAjax=true&container=web_seo&value=0&form_key=NJoxHXsCRGcESMlu HTTP/1.1" 200 31 "http://192.168.17.29/index.php/admin/system_config/edit/section/web/key/8ecf88351402a6014c59e0336f133565/" "Mozilla/5.0 (X11; Linux x86_64) AppleWebKit/537.36 (KHTML, like Gecko) Chrome/69.0.3497.100 Safari/537.36"
192.168.17.29 - - [15/Oct/2018:18:51:36 +0000] "GET /index.php/admin/system_config/state/key/b84fe60c68e8c1f74d67ae40bf63c7dd/?isAjax=true&container=web_unsecure&value=1&form_key=NJoxHXsCRGcESMlu HTTP/1.1" 200 31 "http://192.168.17.29/index.php/admin/system_config/edit/section/web/key/8ecf88351402a6014c59e0336f133565/" "Mozilla/5.0 (X11; Linux x86_64) AppleWebKit/537.36 (KHTML, like Gecko) Chrome/69.0.3497.100 Safari/537.36"
