192.168.17.29 - - [15/Oct/2018:18:54:36 +0000] "GET /index.php/admin/system_config/state/key/b84fe60c68e8c1f74d67ae40bf63c7dd/?isAjax=true&container=system_media_storage_configuration&value=1&form_key=NJoxHXsCRGcESMlu HTTP/1.1" 200 31 "http://192.168.17.29/index.php/admin/system_config/edit/section/system/key/8ecf88351402a6014c59e0336f133565/" "Mozilla/5.0 (X11; Linux x86_64) AppleWebKit/537.36 (KHTML, like Gecko) Chrome/69.0.3497.100 Safari/537.36"
192.168.17.29 - - [15/Oct/2018:18:54:38 +0000] "GET /index.php/admin/system_config/state/key/b84fe60c68e8c1f74d67ae40bf63c7dd/?isAjax=true&container=system_media_storage_configuration&value=0&form_key=NJoxHXsCRGcESMlu HTTP/1.1" 200 31 "http://192.168.17.29/index.php/admin/system_config/edit/section/system/key/8ecf88351402a6014c59e0336f133565/" "Mozilla/5.0 (X11; Linux x86_64) AppleWebKit/537.36 (KHTML, like Gecko) Chrome/69.0.3497.100 Safari/537.36"
192.168.17.29 - - [15/Oct/2018:18:54:39 +0000] "POST /index.php/admin/system_config/save/section/system/key/2cf05cd1cb9d944991cd441a7d0366bd/ HTTP/1.1" 302 5 "http://192.168.17.29/index.php/admin/system_config/edit/section/system/key/8ecf88351402a6014c59e0336f133565/" "Mozilla/5.0 (X11; Linux x86_64) AppleWebKit/537.36 (KHTML, like Gecko) Chrome/69.0.3497.100 Safari/537.36"
172.18.0.1 - - [15/Oct/2018:18:54:40 +0000] "POST /app/etc/local.xml HTTP/1.1" 405 150 "-" "-"
192.168.17.29 - - [15/Oct/2018:18:54:40 +0000] "GET /index.php/admin/system_config/edit/section/system/key/8ecf88351402a6014c59e0336f133565/ HTTP/1.1" 200 34838 "http://192.168.17.29/index.php/admin/system_config/edit/section/system/key/8ecf88351402a6014c59e0336f133565/" "Mozilla/5.0 (X11; Linux x86_64) AppleWebKit/537.36 (KHTML, like Gecko) Chrome/69.0.3497.100 Safari/537.36"
192.168.17.29 - - [15/Oct/2018:18:54:40 +0000] "GET /index.php/admin/system_config_system_storage/status/key/5ba5da5299e86a2d251c00e01071af77/?isAjax=true&&form_key=NJoxHXsCRGcESMlu HTTP/1.1" 200 42 "http://192.168.17.29/index.php/admin/system_config/edit/section/system/key/8ecf88351402a6014c59e0336f133565/" "Mozilla/5.0 (X11; Linux x86_64) AppleWebKit/537.36 (KHTML, like Gecko) Chrome/69.0.3497.100 Safari/537.36"
172.18.0.1 - - [15/Oct/2018:18:54:44 +0000] "POST /app/etc/local.xml HTTP/1.1" 405 150 "-" "-"
192.168.17.29 - - [15/Oct/2018:18:54:44 +0000] "GET /index.php/admin/system_config/edit/section/advanced/key/8ecf88351402a6014c59e0336f133565/ HTTP/1.1" 200 26455 "http://192.168.17.29/index.php/admin/system_config/edit/section/system/key/8ecf88351402a6014c59e0336f133565/" "Mozilla/5.0 (X11; Linux x86_64) AppleWebKit/537.36 (KHTML, like Gecko) Chrome/69.0.3497.100 Safari/537.36"
192.168.17.29 - - [15/Oct/2018:18:54:45 +0000] "GET /index.php/admin/system_config/state/key/b84fe60c68e8c1f74d67ae40bf63c7dd/?isAjax=true&container=advanced_modules_disable_output&value=1&form_key=NJoxHXsCRGcESMlu HTTP/1.1" 200 31 "http://192.168.17.29/index.php/admin/system_config/edit/section/advanced/key/8ecf88351402a6014c59e0336f133565/" "Mozilla/5.0 (X11; Linux x86_64) AppleWebKit/537.36 (KHTML, like Gecko) Chrome/69.0.3497.100 Safari/537.36"
172.18.0.1 - - [15/Oct/2018:18:54:51 +0000] "POST /app/etc/local.xml HTTP/1.1" 405 150 "-" "-"
192.168.17.29 - - [15/Oct/2018:18:54:51 +0000] "GET /index.php/admin/system_config/edit/section/dev/key/8ecf88351402a6014c59e0336f133565/ HTTP/1.1" 200 25605 "http://192.168.17.29/index.php/admin/system_config/edit/section/advanced/key/8ecf88351402a6014c59e0336f133565/" "Mozilla/5.0 (X11; Linux x86_64) AppleWebKit/537.36 (KHTML, like Gecko) Chrome/69.0.3497.100 Safari/537.36"
192.168.17.29 - - [15/Oct/2018:18:54:53 +0000] "GET /index.php/admin/system_config/state/key/b84fe60c68e8c1f74d67ae40bf63c7dd/?isAjax=true&container=dev_restrict&value=1&form_key=NJoxHXsCRGcESMlu HTTP/1.1" 200 31 "http://192.168.17.29/index.php/admin/system_config/edit/section/dev/key/8ecf88351402a6014c59e0336f133565/" "Mozilla/5.0 (X11; Linux x86_64) AppleWebKit/537.36 (KHTML, like Gecko) Chrome/69.0.3497.100 Safari/537.36"
192.168.17.29 - - [15/Oct/2018:18:54:53 +0000] "GET /index.php/admin/system_config/state/key/b84fe60c68e8c1f74d67ae40bf63c7dd/?isAjax=true&container=dev_restrict&value=0&form_key=NJoxHXsCRGcESMlu HTTP/1.1" 200 31 "http://192.168.17.29/index.php/admin/system_config/edit/section/dev/key/8ecf88351402a6014c59e0336f133565/" "Mozilla/5.0 (X11; Linux x86_64) AppleWebKit/537.36 (KHTML, like Gecko) Chrome/69.0.3497.100 Safari/537.36"
192.168.17.29 - - [15/Oct/2018:18:54:54 +0000] "GET /index.php/admin/system_config/state/key/b84fe60c68e8c1f74d67ae40bf63c7dd/?isAjax=true&container=dev_debug&value=1&form_key=NJoxHXsCRGcESMlu HTTP/1.1" 200 31 "http://192.168.17.29/index.php/admin/system_config/edit/section/dev/key/8ecf88351402a6014c59e0336f133565/" "Mozilla/5.0 (X11; Linux x86_64) AppleWebKit/537.36 (KHTML, like Gecko) Chrome/69.0.3497.100 Safari/537.36"
192.168.17.29 - - [15/Oct/2018:18:54:54 +0000] "GET /index.php/admin/system_config/state/key/b84fe60c68e8c1f74d67ae40bf63c7dd/?isAjax=true&container=dev_debug&value=0&form_key=NJoxHXsCRGcESMlu HTTP/1.1" 200 31 "http://192.168.17.29/index.php/admin/system_config/edit/section/dev/key/8ecf88351402a6014c59e0336f133565/" "Mozilla/5.0 (X11; Linux x86_64) AppleWebKit/537.36 (KHTML, like Gecko) Chrome/69.0.3497.100 Safari/537.36"
192.168.17.29 - - [15/Oct/2018:18:54:55 +0000] "GET /index.php/admin/system_config/state/key/b84fe60c68e8c1f74d67ae40bf63c7dd/?isAjax=true&container=dev_translate_inline&value=1&form_key=NJoxHXsCRGcESMlu HTTP/1.1" 200 31 "http://192.168.17.29/index.php/admin/system_config/edit/section/dev/key/8ecf88351402a6014c59e0336f133565/" "Mozilla/5.0 (X11; Linux x86_64) AppleWebKit/537.36 (KHTML, like Gecko) Chrome/69.0.3497.100 Safari/537.36"
192.168.17.29 - - [15/Oct/2018:18:54:55 +0000] "GET /index.php/admin/system_config/state/key/b84fe60c68e8c1f74d67ae40bf63c7dd/?isAjax=true&container=dev_translate_inline&value=0&form_key=NJoxHXsCRGcESMlu HTTP/1.1" 200 31 "http://192.168.17.29/index.php/admin/system_config/edit/section/dev/key/8ecf88351402a6014c59e0336f133565/" "Mozilla/5.0 (X11; Linux x86_64) AppleWebKit/537.36 (KHTML, like Gecko) Chrome/69.0.3497.100 Safari/537.36"
192.168.17.29 - - [15/Oct/2018:18:54:56 +0000] "GET /index.php/admin/system_config/state/key/b84fe60c68e8c1f74d67ae40bf63c7dd/?isAjax=true&container=dev_log&value=1&form_key=NJoxHXsCRGcESMlu HTTP/1.1" 200 31 "http://192.168.17.29/index.php/admin/system_config/edit/section/dev/key/8ecf88351402a6014c59e0336f133565/" "Mozilla/5.0 (X11; Linux x86_64) AppleWebKit/537.36 (KHTML, like Gecko) Chrome/69.0.3497.100 Safari/537.36"
192.168.17.29 - - [15/Oct/2018:18:54:56 +0000] "GET /index.php/admin/system_config/state/key/b84fe60c68e8c1f74d67ae40bf63c7dd/?isAjax=true&container=dev_log&value=0&form_key=NJoxHXsCRGcESMlu HTTP/1.1" 200 31 "http://192.168.17.29/index.php/admin/system_config/edit/section/dev/key/8ecf88351402a6014c59e0336f133565/" "Mozilla/5.0 (X11; Linux x86_64) AppleWebKit/537.36 (KHTML, like Gecko) Chrome/69.0.3497.100 Safari/537.36"
192.168.17.29 - - [15/Oct/2018:18:54:57 +0000] "GET /index.php/admin/system_config/state/key/b84fe60c68e8c1f74d67ae40bf63c7dd/?isAjax=true&container=dev_log&value=1&form_key=NJoxHXsCRGcESMlu HTTP/1.1" 200 31 "http://192.168.17.29/index.php/admin/system_config/edit/section/dev/key/8ecf88351402a6014c59e0336f133565/" "Mozilla/5.0 (X11; Linux x86_64) AppleWebKit/537.36 (KHTML, like Gecko) Chrome/69.0.3497.100 Safari/537.36"
192.168.17.29 - - [15/Oct/2018:18:54:58 +0000] "GET /index.php/admin/system_config/state/key/b84fe60c68e8c1f74d67ae40bf63c7dd/?isAjax=true&container=dev_log&value=0&form_key=NJoxHXsCRGcESMlu HTTP/1.1" 200 31 "http://192.168.17.29/index.php/admin/system_config/edit/section/dev/key/8ecf88351402a6014c59e0336f133565/" "Mozilla/5.0 (X11; Linux x86_64) AppleWebKit/537.36 (KHTML, like Gecko) Chrome/69.0.3497.100 Safari/537.36"
192.168.17.29 - - [15/Oct/2018:18:54:59 +0000] "GET /index.php/admin/system_config/state/key/b84fe60c68e8c1f74d67ae40bf63c7dd/?isAjax=true&container=dev_js&value=1&form_key=NJoxHXsCRGcESMlu HTTP/1.1" 200 31 "http://192.168.17.29/index.php/admin/system_config/edit/section/dev/key/8ecf88351402a6014c59e0336f133565/" "Mozilla/5.0 (X11; Linux x86_64) AppleWebKit/537.36 (KHTML, like Gecko) Chrome/69.0.3497.100 Safari/537.36"
192.168.17.29 - - [15/Oct/2018:18:54:59 +0000] "GET /index.php/admin/system_config/state/key/b84fe60c68e8c1f74d67ae40bf63c7dd/?isAjax=true&container=dev_js&value=0&form_key=NJoxHXsCRGcESMlu HTTP/1.1" 200 31 "http://192.168.17.29/index.php/admin/system_config/edit/section/dev/key/8ecf88351402a6014c59e0336f133565/" "Mozilla/5.0 (X11; Linux x86_64) AppleWebKit/537.36 (KHTML, like Gecko) Chrome/69.0.3497.100 Safari/537.36"
192.168.17.29 - - [15/Oct/2018:18:54:59 +0000] "GET /index.php/admin/system_config/state/key/b84fe60c68e8c1f74d67ae40bf63c7dd/?isAjax=true&container=dev_css&value=1&form_key=NJoxHXsCRGcESMlu HTTP/1.1" 200 31 "http://192.168.17.29/index.php/admin/system_config/edit/section/dev/key/8ecf88351402a6014c59e0336f133565/" "Mozilla/5.0 (X11; Linux x86_64) AppleWebKit/537.36 (KHTML, like Gecko) Chrome/69.0.3497.100 Safari/537.36"
192.168.17.29 - - [15/Oct/2018:18:55:00 +0000] "GET /index.php/admin/system_config/state/key/b84fe60c68e8c1f74d67ae40bf63c7dd/?isAjax=true&container=dev_css&value=0&form_key=NJoxHXsCRGcESMlu HTTP/1.1" 200 31 "http://192.168.17.29/index.php/admin/system_config/edit/section/dev/key/8ecf88351402a6014c59e0336f133565/" "Mozilla/5.0 (X11; Linux x86_64) AppleWebKit/537.36 (KHTML, like Gecko) Chrome/69.0.3497.100 Safari/537.36"
192.168.17.29 - - [15/Oct/2018:18:55:01 +0000] "POST /index.php/admin/system_config/save/section/dev/key/2cf05cd1cb9d944991cd441a7d0366bd/ HTTP/1.1" 302 5 "http://192.168.17.29/index.php/admin/system_config/edit/section/dev/key/8ecf88351402a6014c59e0336f133565/" "Mozilla/5.0 (X11; Linux x86_64) AppleWebKit/537.36 (KHTML, like Gecko) Chrome/69.0.3497.100 Safari/537.36"
172.18.0.1 - - [15/Oct/2018:18:55:02 +0000] "POST /app/etc/local.xml HTTP/1.1" 405 150 "-" "-"
192.168.17.29 - - [15/Oct/2018:18:55:02 +0000] "GET /index.php/admin/system_config/edit/section/dev/key/8ecf88351402a6014c59e0336f133565/ HTTP/1.1" 200 25675 "http://192.168.17.29/index.php/admin/system_config/edit/section/dev/key/8ecf88351402a6014c59e0336f133565/" "Mozilla/5.0 (X11; Linux x86_64) AppleWebKit/537.36 (KHTML, like Gecko) Chrome/69.0.3497.100 Safari/537.36"
192.168.17.29 - - [15/Oct/2018:18:55:02 +0000] "GET /index.php/admin/index/index/key/bc651f64f44511e73b63128afe68e224/ HTTP/1.1" 302 5 "http://192.168.17.29/index.php/admin/system_config/edit/section/dev/key/8ecf88351402a6014c59e0336f133565/" "Mozilla/5.0 (X11; Linux x86_64) AppleWebKit/537.36 (KHTML, like Gecko) Chrome/69.0.3497.100 Safari/537.36"
192.168.17.29 - - [15/Oct/2018:18:55:02 +0000] "GET /index.php/admin/dashboard/index/key/5cc628152fe295991004ffd22e397824/ HTTP/1.1" 200 17360 "http://192.168.17.29/index.php/admin/system_config/edit/section/dev/key/8ecf88351402a6014c59e0336f133565/" "Mozilla/5.0 (X11; Linux x86_64) AppleWebKit/537.36 (KHTML, like Gecko) Chrome/69.0.3497.100 Safari/537.36"
172.18.0.1 - - [15/Oct/2018:18:56:05 +0000] "POST /app/etc/local.xml HTTP/1.1" 405 150 "-" "-"
192.168.17.29 - - [15/Oct/2018:18:56:05 +0000] "GET /index.php/admin/cache/index/key/b79ad36e119540438db1dfe978d6d5e9/ HTTP/1.1" 200 17690 "http://192.168.17.29/index.php/admin/dashboard/index/key/5cc628152fe295991004ffd22e397824/" "Mozilla/5.0 (X11; Linux x86_64) AppleWebKit/537.36 (KHTML, like Gecko) Chrome/69.0.3497.100 Safari/537.36"
192.168.17.29 - - [15/Oct/2018:18:56:06 +0000] "GET /skin/adminhtml/default/default/images/cancel_btn_active_bg.gif HTTP/1.1" 200 295 "http://192.168.17.29/skin/adminhtml/default/default/boxes.css" "Mozilla/5.0 (X11; Linux x86_64) AppleWebKit/537.36 (KHTML, like Gecko) Chrome/69.0.3497.100 Safari/537.36"
192.168.17.29 - - [15/Oct/2018:18:56:06 +0000] "GET /index.php/admin/cache/flushSystem/key/fd4a529d2bf3fe1f85107287aafffce1/ HTTP/1.1" 302 5 "http://192.168.17.29/index.php/admin/cache/index/key/b79ad36e119540438db1dfe978d6d5e9/" "Mozilla/5.0 (X11; Linux x86_64) AppleWebKit/537.36 (KHTML, like Gecko) Chrome/69.0.3497.100 Safari/537.36"
172.18.0.1 - - [15/Oct/2018:18:56:07 +0000] "POST /app/etc/local.xml HTTP/1.1" 405 150 "-" "-"
192.168.17.29 - - [15/Oct/2018:18:56:07 +0000] "GET /index.php/admin/cache/index/key/b79ad36e119540438db1dfe978d6d5e9/ HTTP/1.1" 200 17739 "http://192.168.17.29/index.php/admin/cache/index/key/b79ad36e119540438db1dfe978d6d5e9/" "Mozilla/5.0 (X11; Linux x86_64) AppleWebKit/537.36 (KHTML, like Gecko) Chrome/69.0.3497.100 Safari/537.36"
192.168.17.29 - - [15/Oct/2018:18:56:10 +0000] "GET /index.php/admin/cache/flushAll/key/95ee309b53f8341ecb96f5766b30a9b3/ HTTP/1.1" 302 5 "http://192.168.17.29/index.php/admin/cache/index/key/b79ad36e119540438db1dfe978d6d5e9/" "Mozilla/5.0 (X11; Linux x86_64) AppleWebKit/537.36 (KHTML, like Gecko) Chrome/69.0.3497.100 Safari/537.36"
172.18.0.1 - - [15/Oct/2018:18:56:11 +0000] "POST /app/etc/local.xml HTTP/1.1" 405 150 "-" "-"
192.168.17.29 - - [15/Oct/2018:18:56:11 +0000] "GET /index.php/admin/cache/index/key/b79ad36e119540438db1dfe978d6d5e9/ HTTP/1.1" 200 17737 "http://192.168.17.29/index.php/admin/cache/index/key/b79ad36e119540438db1dfe978d6d5e9/" "Mozilla/5.0 (X11; Linux x86_64) AppleWebKit/537.36 (KHTML, like Gecko) Chrome/69.0.3497.100 Safari/537.36"
172.18.0.1 - - [15/Oct/2018:18:56:15 +0000] "POST /app/etc/local.xml HTTP/1.1" 405 150 "-" "-"
192.168.17.29 - - [15/Oct/2018:18:56:15 +0000] "GET /index.php/admin/system_config/index/key/fc9a30888270904e87c4a814d8222757/ HTTP/1.1" 200 40619 "http://192.168.17.29/index.php/admin/cache/index/key/b79ad36e119540438db1dfe978d6d5e9/" "Mozilla/5.0 (X11; Linux x86_64) AppleWebKit/537.36 (KHTML, like Gecko) Chrome/69.0.3497.100 Safari/537.36"
172.18.0.1 - - [15/Oct/2018:18:56:24 +0000] "POST /app/etc/local.xml HTTP/1.1" 405 150 "-" "-"
192.168.17.29 - - [15/Oct/2018:18:56:24 +0000] "GET /index.php/admin/system_config/edit/section/admin/key/8ecf88351402a6014c59e0336f133565/ HTTP/1.1" 200 29758 "http://192.168.17.29/index.php/admin/system_config/index/key/fc9a30888270904e87c4a814d8222757/" "Mozilla/5.0 (X11; Linux x86_64) AppleWebKit/537.36 (KHTML, like Gecko) Chrome/69.0.3497.100 Safari/537.36"
172.18.0.1 - - [15/Oct/2018:18:56:28 +0000] "POST /app/etc/local.xml HTTP/1.1" 405 150 "-" "-"
192.168.17.29 - - [15/Oct/2018:18:56:28 +0000] "GET /index.php/admin/system_config/edit/section/system/key/8ecf88351402a6014c59e0336f133565/ HTTP/1.1" 200 34782 "http://192.168.17.29/index.php/admin/system_config/edit/section/admin/key/8ecf88351402a6014c59e0336f133565/" "Mozilla/5.0 (X11; Linux x86_64) AppleWebKit/537.36 (KHTML, like Gecko) Chrome/69.0.3497.100 Safari/537.36"
192.168.17.29 - - [15/Oct/2018:18:56:28 +0000] "GET /index.php/admin/system_config_system_storage/status/key/5ba5da5299e86a2d251c00e01071af77/?isAjax=true&&form_key=NJoxHXsCRGcESMlu HTTP/1.1" 200 42 "http://192.168.17.29/index.php/admin/system_config/edit/section/system/key/8ecf88351402a6014c59e0336f133565/" "Mozilla/5.0 (X11; Linux x86_64) AppleWebKit/537.36 (KHTML, like Gecko) Chrome/69.0.3497.100 Safari/537.36"
172.18.0.1 - - [15/Oct/2018:18:56:33 +0000] "POST /app/etc/local.xml HTTP/1.1" 405 150 "-" "-"
192.168.17.29 - - [15/Oct/2018:18:56:33 +0000] "GET /index.php/admin/system_config/edit/section/advanced/key/8ecf88351402a6014c59e0336f133565/ HTTP/1.1" 200 26455 "http://192.168.17.29/index.php/admin/system_config/edit/section/system/key/8ecf88351402a6014c59e0336f133565/" "Mozilla/5.0 (X11; Linux x86_64) AppleWebKit/537.36 (KHTML, like Gecko) Chrome/69.0.3497.100 Safari/537.36"
192.168.17.29 - - [15/Oct/2018:18:56:34 +0000] "GET /index.php/admin/system_config/state/key/b84fe60c68e8c1f74d67ae40bf63c7dd/?isAjax=true&container=advanced_modules_disable_output&value=1&form_key=NJoxHXsCRGcESMlu HTTP/1.1" 200 31 "http://192.168.17.29/index.php/admin/system_config/edit/section/advanced/key/8ecf88351402a6014c59e0336f133565/" "Mozilla/5.0 (X11; Linux x86_64) AppleWebKit/537.36 (KHTML, like Gecko) Chrome/69.0.3497.100 Safari/537.36"
192.168.17.29 - - [15/Oct/2018:18:56:35 +0000] "GET /index.php/admin/system_config/state/key/b84fe60c68e8c1f74d67ae40bf63c7dd/?isAjax=true&container=advanced_modules_disable_output&value=0&form_key=NJoxHXsCRGcESMlu HTTP/1.1" 200 31 "http://192.168.17.29/index.php/admin/system_config/edit/section/advanced/key/8ecf88351402a6014c59e0336f133565/" "Mozilla/5.0 (X11; Linux x86_64) AppleWebKit/537.36 (KHTML, like Gecko) Chrome/69.0.3497.100 Safari/537.36"
192.168.17.29 - - [15/Oct/2018:18:56:36 +0000] "GET /index.php/admin/system_config/state/key/b84fe60c68e8c1f74d67ae40bf63c7dd/?isAjax=true&container=advanced_modules_disable_output&value=1&form_key=NJoxHXsCRGcESMlu HTTP/1.1" 200 31 "http://192.168.17.29/index.php/admin/system_config/edit/section/advanced/key/8ecf88351402a6014c59e0336f133565/" "Mozilla/5.0 (X11; Linux x86_64) AppleWebKit/537.36 (KHTML, like Gecko) Chrome/69.0.3497.100 Safari/537.36"
192.168.17.29 - - [15/Oct/2018:18:56:37 +0000] "POST /index.php/admin/system_config/save/section/advanced/key/2cf05cd1cb9d944991cd441a7d0366bd/ HTTP/1.1" 302 5 "http://192.168.17.29/index.php/admin/system_config/edit/section/advanced/key/8ecf88351402a6014c59e0336f133565/" "Mozilla/5.0 (X11; Linux x86_64) AppleWebKit/537.36 (KHTML, like Gecko) Chrome/69.0.3497.100 Safari/537.36"
172.18.0.1 - - [15/Oct/2018:18:56:38 +0000] "POST /app/etc/local.xml HTTP/1.1" 405 150 "-" "-"
192.168.17.29 - - [15/Oct/2018:18:56:38 +0000] "GET /index.php/admin/system_config/edit/section/advanced/key/8ecf88351402a6014c59e0336f133565/ HTTP/1.1" 200 26509 "http://192.168.17.29/index.php/admin/system_config/edit/section/advanced/key/8ecf88351402a6014c59e0336f133565/" "Mozilla/5.0 (X11; Linux x86_64) AppleWebKit/537.36 (KHTML, like Gecko) Chrome/69.0.3497.100 Safari/537.36"
172.18.0.1 - - [15/Oct/2018:19:02:41 +0000] "GET / HTTP/1.1" 301 5 "-" "Mozilla/5.0 (X11; Linux x86_64) AppleWebKit/537.36 (KHTML, like Gecko) Chrome/69.0.3497.100 Safari/537.36"
192.168.17.29 - - [15/Oct/2018:19:02:41 +0000] "GET / HTTP/1.1" 200 6463 "-" "Mozilla/5.0 (X11; Linux x86_64) AppleWebKit/537.36 (KHTML, like Gecko) Chrome/69.0.3497.100 Safari/537.36"
192.168.17.29 - - [15/Oct/2018:19:02:41 +0000] "GET /js/lib/jquery/jquery-1.12.0.min.js HTTP/1.1" 200 97362 "http://192.168.17.29/" "Mozilla/5.0 (X11; Linux x86_64) AppleWebKit/537.36 (KHTML, like Gecko) Chrome/69.0.3497.100 Safari/537.36"
192.168.17.29 - - [15/Oct/2018:19:02:41 +0000] "GET /js/lib/jquery/noconflict.js HTTP/1.1" 200 1029 "http://192.168.17.29/" "Mozilla/5.0 (X11; Linux x86_64) AppleWebKit/537.36 (KHTML, like Gecko) Chrome/69.0.3497.100 Safari/537.36"
192.168.17.29 - - [15/Oct/2018:19:02:41 +0000] "GET /js/mage/cookies.js HTTP/1.1" 200 2597 "http://192.168.17.29/" "Mozilla/5.0 (X11; Linux x86_64) AppleWebKit/537.36 (KHTML, like Gecko) Chrome/69.0.3497.100 Safari/537.36"
192.168.17.29 - - [15/Oct/2018:19:02:41 +0000] "GET /skin/frontend/rwd/default/js/lib/modernizr.custom.min.js HTTP/1.1" 200 8876 "http://192.168.17.29/" "Mozilla/5.0 (X11; Linux x86_64) AppleWebKit/537.36 (KHTML, like Gecko) Chrome/69.0.3497.100 Safari/537.36"
192.168.17.29 - - [15/Oct/2018:19:02:41 +0000] "GET /skin/frontend/rwd/default/js/lib/selectivizr.js HTTP/1.1" 200 23309 "http://192.168.17.29/" "Mozilla/5.0 (X11; Linux x86_64) AppleWebKit/537.36 (KHTML, like Gecko) Chrome/69.0.3497.100 Safari/537.36"
192.168.17.29 - - [15/Oct/2018:19:02:41 +0000] "GET /skin/frontend/rwd/default/js/lib/matchMedia.js HTTP/1.1" 200 1700 "http://192.168.17.29/" "Mozilla/5.0 (X11; Linux x86_64) AppleWebKit/537.36 (KHTML, like Gecko) Chrome/69.0.3497.100 Safari/537.36"
192.168.17.29 - - [15/Oct/2018:19:02:41 +0000] "GET /skin/frontend/rwd/default/js/lib/matchMedia.addListener.js HTTP/1.1" 200 2816 "http://192.168.17.29/" "Mozilla/5.0 (X11; Linux x86_64) AppleWebKit/537.36 (KHTML, like Gecko) Chrome/69.0.3497.100 Safari/537.36"
192.168.17.29 - - [15/Oct/2018:19:02:41 +0000] "GET /skin/frontend/rwd/default/js/lib/enquire.js HTTP/1.1" 200 9520 "http://192.168.17.29/" "Mozilla/5.0 (X11; Linux x86_64) AppleWebKit/537.36 (KHTML, like Gecko) Chrome/69.0.3497.100 Safari/537.36"
192.168.17.29 - - [15/Oct/2018:19:02:41 +0000] "GET /skin/frontend/rwd/default/css/styles.css HTTP/1.1" 200 230109 "http://192.168.17.29/" "Mozilla/5.0 (X11; Linux x86_64) AppleWebKit/537.36 (KHTML, like Gecko) Chrome/69.0.3497.100 Safari/537.36"
192.168.17.29 - - [15/Oct/2018:19:02:41 +0000] "GET /skin/frontend/rwd/default/css/madisonisland.css HTTP/1.1" 200 7670 "http://192.168.17.29/" "Mozilla/5.0 (X11; Linux x86_64) AppleWebKit/537.36 (KHTML, like Gecko) Chrome/69.0.3497.100 Safari/537.36"
192.168.17.29 - - [15/Oct/2018:19:02:41 +0000] "GET /skin/frontend/rwd/default/js/app.js HTTP/1.1" 200 45741 "http://192.168.17.29/" "Mozilla/5.0 (X11; Linux x86_64) AppleWebKit/537.36 (KHTML, like Gecko) Chrome/69.0.3497.100 Safari/537.36"
192.168.17.29 - - [15/Oct/2018:19:02:41 +0000] "GET /skin/frontend/rwd/default/js/lib/jquery.cycle2.min.js HTTP/1.1" 200 22375 "http://192.168.17.29/" "Mozilla/5.0 (X11; Linux x86_64) AppleWebKit/537.36 (KHTML, like Gecko) Chrome/69.0.3497.100 Safari/537.36"
192.168.17.29 - - [15/Oct/2018:19:02:41 +0000] "GET /js/prototype/prototype.js HTTP/1.1" 304 0 "http://192.168.17.29/" "Mozilla/5.0 (X11; Linux x86_64) AppleWebKit/537.36 (KHTML, like Gecko) Chrome/69.0.3497.100 Safari/537.36"
192.168.17.29 - - [15/Oct/2018:19:02:41 +0000] "GET /js/prototype/validation.js HTTP/1.1" 304 0 "http://192.168.17.29/" "Mozilla/5.0 (X11; Linux x86_64) AppleWebKit/537.36 (KHTML, like Gecko) Chrome/69.0.3497.100 Safari/537.36"
192.168.17.29 - - [15/Oct/2018:19:02:41 +0000] "GET /js/scriptaculous/effects.js HTTP/1.1" 304 0 "http://192.168.17.29/" "Mozilla/5.0 (X11; Linux x86_64) AppleWebKit/537.36 (KHTML, like Gecko) Chrome/69.0.3497.100 Safari/537.36"
192.168.17.29 - - [15/Oct/2018:19:02:41 +0000] "GET /js/varien/js.js HTTP/1.1" 304 0 "http://192.168.17.29/" "Mozilla/5.0 (X11; Linux x86_64) AppleWebKit/537.36 (KHTML, like Gecko) Chrome/69.0.3497.100 Safari/537.36"
192.168.17.29 - - [15/Oct/2018:19:02:41 +0000] "GET /js/varien/form.js HTTP/1.1" 304 0 "http://192.168.17.29/" "Mozilla/5.0 (X11; Linux x86_64) AppleWebKit/537.36 (KHTML, like Gecko) Chrome/69.0.3497.100 Safari/537.36"
192.168.17.29 - - [15/Oct/2018:19:02:41 +0000] "GET /js/mage/translate.js HTTP/1.1" 304 0 "http://192.168.17.29/" "Mozilla/5.0 (X11; Linux x86_64) AppleWebKit/537.36 (KHTML, like Gecko) Chrome/69.0.3497.100 Safari/537.36"
192.168.17.29 - - [15/Oct/2018:19:02:41 +0000] "GET /skin/frontend/rwd/default/js/lib/jquery.cycle2.swipe.min.js HTTP/1.1" 200 1323 "http://192.168.17.29/" "Mozilla/5.0 (X11; Linux x86_64) AppleWebKit/537.36 (KHTML, like Gecko) Chrome/69.0.3497.100 Safari/537.36"
192.168.17.29 - - [15/Oct/2018:19:02:41 +0000] "GET /skin/frontend/rwd/default/js/slideshow.js HTTP/1.1" 200 1506 "http://192.168.17.29/" "Mozilla/5.0 (X11; Linux x86_64) AppleWebKit/537.36 (KHTML, like Gecko) Chrome/69.0.3497.100 Safari/537.36"
192.168.17.29 - - [15/Oct/2018:19:02:41 +0000] "GET /skin/frontend/rwd/default/js/lib/imagesloaded.js HTTP/1.1" 200 6894 "http://192.168.17.29/" "Mozilla/5.0 (X11; Linux x86_64) AppleWebKit/537.36 (KHTML, like Gecko) Chrome/69.0.3497.100 Safari/537.36"
192.168.17.29 - - [15/Oct/2018:19:02:41 +0000] "GET /skin/frontend/rwd/default/js/minicart.js HTTP/1.1" 200 7658 "http://192.168.17.29/" "Mozilla/5.0 (X11; Linux x86_64) AppleWebKit/537.36 (KHTML, like Gecko) Chrome/69.0.3497.100 Safari/537.36"
192.168.17.29 - - [15/Oct/2018:19:02:42 +0000] "GET /skin/frontend/rwd/default/images/logo.gif HTTP/1.1" 200 2970 "http://192.168.17.29/" "Mozilla/5.0 (X11; Linux x86_64) AppleWebKit/537.36 (KHTML, like Gecko) Chrome/69.0.3497.100 Safari/537.36"
192.168.17.29 - - [15/Oct/2018:19:02:42 +0000] "GET /skin/frontend/rwd/default/images/icon_sprite.png HTTP/1.1" 200 11899 "http://192.168.17.29/skin/frontend/rwd/default/css/styles.css" "Mozilla/5.0 (X11; Linux x86_64) AppleWebKit/537.36 (KHTML, like Gecko) Chrome/69.0.3497.100 Safari/537.36"
192.168.17.29 - - [15/Oct/2018:19:02:42 +0000] "GET /skin/frontend/base/default/favicon.ico HTTP/1.1" 200 1150 "http://192.168.17.29/" "Mozilla/5.0 (X11; Linux x86_64) AppleWebKit/537.36 (KHTML, like Gecko) Chrome/69.0.3497.100 Safari/537.36"
192.168.17.29 - - [15/Oct/2018:19:02:46 +0000] "GET /admin HTTP/1.1" 200 1214 "-" "Mozilla/5.0 (X11; Linux x86_64) AppleWebKit/537.36 (KHTML, like Gecko) Chrome/69.0.3497.100 Safari/537.36"
192.168.17.29 - - [15/Oct/2018:19:02:50 +0000] "POST /admin HTTP/1.1" 302 5 "http://192.168.17.29/admin" "Mozilla/5.0 (X11; Linux x86_64) AppleWebKit/537.36 (KHTML, like Gecko) Chrome/69.0.3497.100 Safari/537.36"
192.168.17.29 - - [15/Oct/2018:19:02:51 +0000] "GET /index.php/admin/index/index/key/ccfa1c5b74964e985f4ba4590cd08e27/ HTTP/1.1" 302 5 "http://192.168.17.29/admin" "Mozilla/5.0 (X11; Linux x86_64) AppleWebKit/537.36 (KHTML, like Gecko) Chrome/69.0.3497.100 Safari/537.36"
172.18.0.1 - - [15/Oct/2018:19:02:52 +0000] "POST /app/etc/local.xml HTTP/1.1" 405 150 "-" "-"
192.168.17.29 - - [15/Oct/2018:19:02:52 +0000] "GET /index.php/admin/dashboard/index/key/73230a5df2c655bc509347891a5a8b64/ HTTP/1.1" 200 17360 "http://192.168.17.29/admin" "Mozilla/5.0 (X11; Linux x86_64) AppleWebKit/537.36 (KHTML, like Gecko) Chrome/69.0.3497.100 Safari/537.36"
192.168.17.29 - - [15/Oct/2018:19:02:56 +0000] "GET /index.php/admin/cache/index/key/b0d6d63249403ba4e6fc36226b470a9f/ HTTP/1.1" 200 17700 "http://192.168.17.29/index.php/admin/dashboard/index/key/73230a5df2c655bc509347891a5a8b64/" "Mozilla/5.0 (X11; Linux x86_64) AppleWebKit/537.36 (KHTML, like Gecko) Chrome/69.0.3497.100 Safari/537.36"
192.168.17.29 - - [15/Oct/2018:19:02:58 +0000] "GET /index.php/admin/cache/flushSystem/key/08340effcd5163baef9bc023ca777e4e/ HTTP/1.1" 302 5 "http://192.168.17.29/index.php/admin/cache/index/key/b0d6d63249403ba4e6fc36226b470a9f/" "Mozilla/5.0 (X11; Linux x86_64) AppleWebKit/537.36 (KHTML, like Gecko) Chrome/69.0.3497.100 Safari/537.36"
172.18.0.1 - - [15/Oct/2018:19:02:58 +0000] "POST /app/etc/local.xml HTTP/1.1" 405 150 "-" "-"
192.168.17.29 - - [15/Oct/2018:19:02:58 +0000] "GET /index.php/admin/cache/index/key/b0d6d63249403ba4e6fc36226b470a9f/ HTTP/1.1" 200 17746 "http://192.168.17.29/index.php/admin/cache/index/key/b0d6d63249403ba4e6fc36226b470a9f/" "Mozilla/5.0 (X11; Linux x86_64) AppleWebKit/537.36 (KHTML, like Gecko) Chrome/69.0.3497.100 Safari/537.36"
192.168.17.29 - - [15/Oct/2018:19:03:00 +0000] "GET /index.php/admin/cache/flushAll/key/e63911cec2eafc4a6c957a9d130fdd0f/ HTTP/1.1" 302 5 "http://192.168.17.29/index.php/admin/cache/index/key/b0d6d63249403ba4e6fc36226b470a9f/" "Mozilla/5.0 (X11; Linux x86_64) AppleWebKit/537.36 (KHTML, like Gecko) Chrome/69.0.3497.100 Safari/537.36"
172.18.0.1 - - [15/Oct/2018:19:03:01 +0000] "POST /app/etc/local.xml HTTP/1.1" 405 150 "-" "-"
192.168.17.29 - - [15/Oct/2018:19:03:02 +0000] "GET /index.php/admin/cache/index/key/b0d6d63249403ba4e6fc36226b470a9f/ HTTP/1.1" 200 17747 "http://192.168.17.29/index.php/admin/cache/index/key/b0d6d63249403ba4e6fc36226b470a9f/" "Mozilla/5.0 (X11; Linux x86_64) AppleWebKit/537.36 (KHTML, like Gecko) Chrome/69.0.3497.100 Safari/537.36"
192.168.17.29 - - [15/Oct/2018:19:03:04 +0000] "GET /index.php/admin/cache/cleanImages/key/c5f524be3752db5a6e44ccbb23f61c42/ HTTP/1.1" 302 5 "http://192.168.17.29/index.php/admin/cache/index/key/b0d6d63249403ba4e6fc36226b470a9f/" "Mozilla/5.0 (X11; Linux x86_64) AppleWebKit/537.36 (KHTML, like Gecko) Chrome/69.0.3497.100 Safari/537.36"
192.168.17.29 - - [15/Oct/2018:19:03:04 +0000] "GET /index.php/admin/cache/index/key/b0d6d63249403ba4e6fc36226b470a9f/ HTTP/1.1" 200 17740 "http://192.168.17.29/index.php/admin/cache/index/key/b0d6d63249403ba4e6fc36226b470a9f/" "Mozilla/5.0 (X11; Linux x86_64) AppleWebKit/537.36 (KHTML, like Gecko) Chrome/69.0.3497.100 Safari/537.36"
192.168.17.29 - - [15/Oct/2018:19:03:05 +0000] "GET /index.php/admin/cache/cleanSwatches/key/2b790a2528175f132308fb932eddf7e1/ HTTP/1.1" 302 5 "http://192.168.17.29/index.php/admin/cache/index/key/b0d6d63249403ba4e6fc36226b470a9f/" "Mozilla/5.0 (X11; Linux x86_64) AppleWebKit/537.36 (KHTML, like Gecko) Chrome/69.0.3497.100 Safari/537.36"
192.168.17.29 - - [15/Oct/2018:19:03:05 +0000] "GET /index.php/admin/cache/index/key/b0d6d63249403ba4e6fc36226b470a9f/ HTTP/1.1" 200 17750 "http://192.168.17.29/index.php/admin/cache/index/key/b0d6d63249403ba4e6fc36226b470a9f/" "Mozilla/5.0 (X11; Linux x86_64) AppleWebKit/537.36 (KHTML, like Gecko) Chrome/69.0.3497.100 Safari/537.36"
192.168.17.29 - - [15/Oct/2018:19:03:06 +0000] "GET /index.php/admin/cache/cleanMedia/key/d3914b17d9b094b5b76fe05b247b6b1e/ HTTP/1.1" 302 5 "http://192.168.17.29/index.php/admin/cache/index/key/b0d6d63249403ba4e6fc36226b470a9f/" "Mozilla/5.0 (X11; Linux x86_64) AppleWebKit/537.36 (KHTML, like Gecko) Chrome/69.0.3497.100 Safari/537.36"
192.168.17.29 - - [15/Oct/2018:19:03:06 +0000] "GET /index.php/admin/cache/index/key/b0d6d63249403ba4e6fc36226b470a9f/ HTTP/1.1" 200 17761 "http://192.168.17.29/index.php/admin/cache/index/key/b0d6d63249403ba4e6fc36226b470a9f/" "Mozilla/5.0 (X11; Linux x86_64) AppleWebKit/537.36 (KHTML, like Gecko) Chrome/69.0.3497.100 Safari/537.36"
192.168.17.29 - - [15/Oct/2018:19:03:07 +0000] "GET /index.php/admin/pageCache/clean/key/5a9d9801f526b8b8cf7924b1db348060/ HTTP/1.1" 302 5 "http://192.168.17.29/index.php/admin/cache/index/key/b0d6d63249403ba4e6fc36226b470a9f/" "Mozilla/5.0 (X11; Linux x86_64) AppleWebKit/537.36 (KHTML, like Gecko) Chrome/69.0.3497.100 Safari/537.36"
192.168.17.29 - - [15/Oct/2018:19:03:07 +0000] "GET /index.php/admin/cache/index/key/b0d6d63249403ba4e6fc36226b470a9f/ HTTP/1.1" 200 17754 "http://192.168.17.29/index.php/admin/cache/index/key/b0d6d63249403ba4e6fc36226b470a9f/" "Mozilla/5.0 (X11; Linux x86_64) AppleWebKit/537.36 (KHTML, like Gecko) Chrome/69.0.3497.100 Safari/537.36"
192.168.17.29 - - [15/Oct/2018:19:03:27 +0000] "GET /index.php/admin/system_store/index/key/a4023cda8047419ff88f5631a0bf3af0/ HTTP/1.1" 200 15544 "http://192.168.17.29/index.php/admin/cache/index/key/b0d6d63249403ba4e6fc36226b470a9f/" "Mozilla/5.0 (X11; Linux x86_64) AppleWebKit/537.36 (KHTML, like Gecko) Chrome/69.0.3497.100 Safari/537.36"
192.168.17.29 - - [15/Oct/2018:19:03:30 +0000] "GET /index.php/admin/system_config/index/key/2b18761ce78b7c78305a2bba1305bc9e/ HTTP/1.1" 200 40628 "http://192.168.17.29/index.php/admin/system_store/index/key/a4023cda8047419ff88f5631a0bf3af0/" "Mozilla/5.0 (X11; Linux x86_64) AppleWebKit/537.36 (KHTML, like Gecko) Chrome/69.0.3497.100 Safari/537.36"
192.168.17.29 - - [15/Oct/2018:19:03:32 +0000] "GET /index.php/admin/catalog_product/index/key/a1c64ba0ec2cac651d9233baf0bbc138/ HTTP/1.1" 200 17807 "http://192.168.17.29/index.php/admin/system_config/index/key/2b18761ce78b7c78305a2bba1305bc9e/" "Mozilla/5.0 (X11; Linux x86_64) AppleWebKit/537.36 (KHTML, like Gecko) Chrome/69.0.3497.100 Safari/537.36"
192.168.17.29 - - [15/Oct/2018:19:03:36 +0000] "GET /index.php/admin/api_role/index/key/f1567e57b427e22fe8e4fc6b7fdf7e75/ HTTP/1.1" 200 15981 "http://192.168.17.29/index.php/admin/catalog_product/index/key/a1c64ba0ec2cac651d9233baf0bbc138/" "Mozilla/5.0 (X11; Linux x86_64) AppleWebKit/537.36 (KHTML, like Gecko) Chrome/69.0.3497.100 Safari/537.36"
192.168.17.29 - - [15/Oct/2018:19:03:36 +0000] "GET /skin/adminhtml/default/default/images/grid_sort_asc.gif HTTP/1.1" 200 105 "http://192.168.17.29/skin/adminhtml/default/default/boxes.css" "Mozilla/5.0 (X11; Linux x86_64) AppleWebKit/537.36 (KHTML, like Gecko) Chrome/69.0.3497.100 Safari/537.36"
192.168.17.29 - - [15/Oct/2018:19:03:37 +0000] "GET /index.php/admin/api_role/editrole/key/2a9245052d1b3dc77b492e83a5251d7c/ HTTP/1.1" 200 19691 "http://192.168.17.29/index.php/admin/api_role/index/key/f1567e57b427e22fe8e4fc6b7fdf7e75/" "Mozilla/5.0 (X11; Linux x86_64) AppleWebKit/537.36 (KHTML, like Gecko) Chrome/69.0.3497.100 Safari/537.36"
192.168.17.29 - - [15/Oct/2018:19:03:37 +0000] "GET /js/extjs/resources/css/ext-all.css HTTP/1.1" 200 71608 "http://192.168.17.29/index.php/admin/api_role/editrole/key/2a9245052d1b3dc77b492e83a5251d7c/" "Mozilla/5.0 (X11; Linux x86_64) AppleWebKit/537.36 (KHTML, like Gecko) Chrome/69.0.3497.100 Safari/537.36"
192.168.17.29 - - [15/Oct/2018:19:03:37 +0000] "GET /js/extjs/resources/css/ytheme-magento.css HTTP/1.1" 200 20489 "http://192.168.17.29/index.php/admin/api_role/editrole/key/2a9245052d1b3dc77b492e83a5251d7c/" "Mozilla/5.0 (X11; Linux x86_64) AppleWebKit/537.36 (KHTML, like Gecko) Chrome/69.0.3497.100 Safari/537.36"
192.168.17.29 - - [15/Oct/2018:19:03:37 +0000] "GET /js/extjs/fix-defer-before.js HTTP/1.1" 200 1504 "http://192.168.17.29/index.php/admin/api_role/editrole/key/2a9245052d1b3dc77b492e83a5251d7c/" "Mozilla/5.0 (X11; Linux x86_64) AppleWebKit/537.36 (KHTML, like Gecko) Chrome/69.0.3497.100 Safari/537.36"
192.168.17.29 - - [15/Oct/2018:19:03:38 +0000] "GET /js/extjs/ext-tree.js HTTP/1.1" 200 218922 "http://192.168.17.29/index.php/admin/api_role/editrole/key/2a9245052d1b3dc77b492e83a5251d7c/" "Mozilla/5.0 (X11; Linux x86_64) AppleWebKit/537.36 (KHTML, like Gecko) Chrome/69.0.3497.100 Safari/537.36"
192.168.17.29 - - [15/Oct/2018:19:03:38 +0000] "GET /js/extjs/fix-defer.js HTTP/1.1" 200 1315 "http://192.168.17.29/index.php/admin/api_role/editrole/key/2a9245052d1b3dc77b492e83a5251d7c/" "Mozilla/5.0 (X11; Linux x86_64) AppleWebKit/537.36 (KHTML, like Gecko) Chrome/69.0.3497.100 Safari/537.36"
192.168.17.29 - - [15/Oct/2018:19:03:38 +0000] "GET /js/extjs/ext-tree-checkbox.js HTTP/1.1" 200 11773 "http://192.168.17.29/index.php/admin/api_role/editrole/key/2a9245052d1b3dc77b492e83a5251d7c/" "Mozilla/5.0 (X11; Linux x86_64) AppleWebKit/537.36 (KHTML, like Gecko) Chrome/69.0.3497.100 Safari/537.36"
192.168.17.29 - - [15/Oct/2018:19:03:38 +0000] "GET /skin/adminhtml/default/default/images/btn_back_bg.gif HTTP/1.1" 200 147 "http://192.168.17.29/skin/adminhtml/default/default/boxes.css" "Mozilla/5.0 (X11; Linux x86_64) AppleWebKit/537.36 (KHTML, like Gecko) Chrome/69.0.3497.100 Safari/537.36"
192.168.17.29 - - [15/Oct/2018:19:03:38 +0000] "GET /skin/adminhtml/default/default/images/icon_btn_back.gif HTTP/1.1" 200 216 "http://192.168.17.29/skin/adminhtml/default/default/boxes.css" "Mozilla/5.0 (X11; Linux x86_64) AppleWebKit/537.36 (KHTML, like Gecko) Chrome/69.0.3497.100 Safari/537.36"
192.168.17.29 - - [15/Oct/2018:19:03:38 +0000] "GET /js/spacer.gif HTTP/1.1" 200 43 "http://192.168.17.29/index.php/admin/api_role/editrole/key/2a9245052d1b3dc77b492e83a5251d7c/" "Mozilla/5.0 (X11; Linux x86_64) AppleWebKit/537.36 (KHTML, like Gecko) Chrome/69.0.3497.100 Safari/537.36"
192.168.17.29 - - [15/Oct/2018:19:03:39 +0000] "GET /skin/adminhtml/default/default/images/fam_bullet_disk.gif HTTP/1.1" 200 542 "http://192.168.17.29/skin/adminhtml/default/default/boxes.css" "Mozilla/5.0 (X11; Linux x86_64) AppleWebKit/537.36 (KHTML, like Gecko) Chrome/69.0.3497.100 Safari/537.36"
192.168.17.29 - - [15/Oct/2018:19:03:39 +0000] "GET /js/extjs/resources/images/magento/tree/leaf.gif HTTP/1.1" 200 1005 "http://192.168.17.29/js/extjs/resources/css/ytheme-magento.css" "Mozilla/5.0 (X11; Linux x86_64) AppleWebKit/537.36 (KHTML, like Gecko) Chrome/69.0.3497.100 Safari/537.36"
192.168.17.29 - - [15/Oct/2018:19:03:39 +0000] "GET /js/extjs/resources/images/magento/tree/elbow-end.gif HTTP/1.1" 200 63 "http://192.168.17.29/js/extjs/resources/css/ytheme-magento.css" "Mozilla/5.0 (X11; Linux x86_64) AppleWebKit/537.36 (KHTML, like Gecko) Chrome/69.0.3497.100 Safari/537.36"
192.168.17.29 - - [15/Oct/2018:19:03:39 +0000] "GET /js/extjs/resources/images/magento/tree/elbow.gif HTTP/1.1" 200 67 "http://192.168.17.29/js/extjs/resources/css/ytheme-magento.css" "Mozilla/5.0 (X11; Linux x86_64) AppleWebKit/537.36 (KHTML, like Gecko) Chrome/69.0.3497.100 Safari/537.36"
192.168.17.29 - - [15/Oct/2018:19:03:39 +0000] "GET /js/extjs/resources/images/magento/tree/folder-open.gif HTTP/1.1" 200 1005 "http://192.168.17.29/js/extjs/resources/css/ytheme-magento.css" "Mozilla/5.0 (X11; Linux x86_64) AppleWebKit/537.36 (KHTML, like Gecko) Chrome/69.0.3497.100 Safari/537.36"
192.168.17.29 - - [15/Oct/2018:19:03:39 +0000] "GET /js/extjs/resources/images/magento/tree/elbow-end-minus.gif HTTP/1.1" 200 89 "http://192.168.17.29/js/extjs/resources/css/ytheme-magento.css" "Mozilla/5.0 (X11; Linux x86_64) AppleWebKit/537.36 (KHTML, like Gecko) Chrome/69.0.3497.100 Safari/537.36"
192.168.17.29 - - [15/Oct/2018:19:03:39 +0000] "GET /js/extjs/resources/images/magento/tree/elbow-line.gif HTTP/1.1" 200 64 "http://192.168.17.29/js/extjs/resources/css/ytheme-magento.css" "Mozilla/5.0 (X11; Linux x86_64) AppleWebKit/537.36 (KHTML, like Gecko) Chrome/69.0.3497.100 Safari/537.36"
192.168.17.29 - - [15/Oct/2018:19:03:39 +0000] "GET /js/extjs/resources/images/magento/tree/elbow-minus.gif HTTP/1.1" 200 90 "http://192.168.17.29/js/extjs/resources/css/ytheme-magento.css" "Mozilla/5.0 (X11; Linux x86_64) AppleWebKit/537.36 (KHTML, like Gecko) Chrome/69.0.3497.100 Safari/537.36"
192.168.17.29 - - [15/Oct/2018:19:03:43 +0000] "POST /index.php/admin/api_role/saverole/key/e69a76f1d7e71483cec34140775e3703/ HTTP/1.1" 302 5 "http://192.168.17.29/index.php/admin/api_role/editrole/key/2a9245052d1b3dc77b492e83a5251d7c/" "Mozilla/5.0 (X11; Linux x86_64) AppleWebKit/537.36 (KHTML, like Gecko) Chrome/69.0.3497.100 Safari/537.36"
192.168.17.29 - - [15/Oct/2018:19:03:43 +0000] "GET /index.php/admin/api_role/editrole/rid/1/key/2a9245052d1b3dc77b492e83a5251d7c/ HTTP/1.1" 200 22157 "http://192.168.17.29/index.php/admin/api_role/editrole/key/2a9245052d1b3dc77b492e83a5251d7c/" "Mozilla/5.0 (X11; Linux x86_64) AppleWebKit/537.36 (KHTML, like Gecko) Chrome/69.0.3497.100 Safari/537.36"
192.168.17.29 - - [15/Oct/2018:19:03:48 +0000] "GET /index.php/admin/api_user/index/key/749ef03e0abd99055f23acedefeafd1a/ HTTP/1.1" 200 16130 "http://192.168.17.29/index.php/admin/api_role/editrole/rid/1/key/2a9245052d1b3dc77b492e83a5251d7c/" "Mozilla/5.0 (X11; Linux x86_64) AppleWebKit/537.36 (KHTML, like Gecko) Chrome/69.0.3497.100 Safari/537.36"
192.168.17.29 - - [15/Oct/2018:19:03:49 +0000] "GET /index.php/admin/api_user/new/key/df967457d66453238325faa047d84d8e/ HTTP/1.1" 200 18070 "http://192.168.17.29/index.php/admin/api_user/index/key/749ef03e0abd99055f23acedefeafd1a/" "Mozilla/5.0 (X11; Linux x86_64) AppleWebKit/537.36 (KHTML, like Gecko) Chrome/69.0.3497.100 Safari/537.36"
192.168.17.29 - - [15/Oct/2018:19:04:10 +0000] "POST /index.php/admin/api_user/save/key/041ff7b7fe29c45af7e3bb876dd0d137/ HTTP/1.1" 302 5 "http://192.168.17.29/index.php/admin/api_user/new/key/df967457d66453238325faa047d84d8e/" "Mozilla/5.0 (X11; Linux x86_64) AppleWebKit/537.36 (KHTML, like Gecko) Chrome/69.0.3497.100 Safari/537.36"
192.168.17.29 - - [15/Oct/2018:19:04:10 +0000] "GET /index.php/admin/api_user/edit/user_id/1/key/dbcfad92e2ccf7eef9808cfe35b7fb29/ HTTP/1.1" 200 18236 "http://192.168.17.29/index.php/admin/api_user/new/key/df967457d66453238325faa047d84d8e/" "Mozilla/5.0 (X11; Linux x86_64) AppleWebKit/537.36 (KHTML, like Gecko) Chrome/69.0.3497.100 Safari/537.36"
192.168.17.29 - - [15/Oct/2018:19:04:13 +0000] "GET /skin/adminhtml/default/default/images/validation_advice_bg.gif HTTP/1.1" 200 134 "http://192.168.17.29/skin/adminhtml/default/default/boxes.css" "Mozilla/5.0 (X11; Linux x86_64) AppleWebKit/537.36 (KHTML, like Gecko) Chrome/69.0.3497.100 Safari/537.36"
192.168.17.29 - - [15/Oct/2018:19:04:13 +0000] "GET /skin/adminhtml/default/default/images/fam_bullet_error.gif HTTP/1.1" 200 524 "http://192.168.17.29/skin/adminhtml/default/default/boxes.css" "Mozilla/5.0 (X11; Linux x86_64) AppleWebKit/537.36 (KHTML, like Gecko) Chrome/69.0.3497.100 Safari/537.36"
192.168.17.29 - - [15/Oct/2018:19:04:17 +0000] "POST /index.php/admin/api_user/save/key/041ff7b7fe29c45af7e3bb876dd0d137/ HTTP/1.1" 302 5 "http://192.168.17.29/index.php/admin/api_user/edit/user_id/1/key/dbcfad92e2ccf7eef9808cfe35b7fb29/" "Mozilla/5.0 (X11; Linux x86_64) AppleWebKit/537.36 (KHTML, like Gecko) Chrome/69.0.3497.100 Safari/537.36"
192.168.17.29 - - [15/Oct/2018:19:04:17 +0000] "GET /index.php/admin/api_user/edit/user_id/1/key/dbcfad92e2ccf7eef9808cfe35b7fb29/ HTTP/1.1" 200 18244 "http://192.168.17.29/index.php/admin/api_user/edit/user_id/1/key/dbcfad92e2ccf7eef9808cfe35b7fb29/" "Mozilla/5.0 (X11; Linux x86_64) AppleWebKit/537.36 (KHTML, like Gecko) Chrome/69.0.3497.100 Safari/537.36"
192.168.17.29 - - [15/Oct/2018:19:04:19 +0000] "GET /index.php/admin/cache/index/key/b0d6d63249403ba4e6fc36226b470a9f/ HTTP/1.1" 200 17701 "http://192.168.17.29/index.php/admin/api_user/edit/user_id/1/key/dbcfad92e2ccf7eef9808cfe35b7fb29/" "Mozilla/5.0 (X11; Linux x86_64) AppleWebKit/537.36 (KHTML, like Gecko) Chrome/69.0.3497.100 Safari/537.36"
192.168.17.29 - - [15/Oct/2018:19:04:20 +0000] "GET /index.php/admin/cache/flushSystem/key/08340effcd5163baef9bc023ca777e4e/ HTTP/1.1" 302 5 "http://192.168.17.29/index.php/admin/cache/index/key/b0d6d63249403ba4e6fc36226b470a9f/" "Mozilla/5.0 (X11; Linux x86_64) AppleWebKit/537.36 (KHTML, like Gecko) Chrome/69.0.3497.100 Safari/537.36"
172.18.0.1 - - [15/Oct/2018:19:04:21 +0000] "POST /app/etc/local.xml HTTP/1.1" 405 150 "-" "-"
192.168.17.29 - - [15/Oct/2018:19:04:21 +0000] "GET /index.php/admin/cache/index/key/b0d6d63249403ba4e6fc36226b470a9f/ HTTP/1.1" 200 17748 "http://192.168.17.29/index.php/admin/cache/index/key/b0d6d63249403ba4e6fc36226b470a9f/" "Mozilla/5.0 (X11; Linux x86_64) AppleWebKit/537.36 (KHTML, like Gecko) Chrome/69.0.3497.100 Safari/537.36"
192.168.17.29 - - [15/Oct/2018:19:04:23 +0000] "GET /index.php/admin/cache/flushAll/key/e63911cec2eafc4a6c957a9d130fdd0f/ HTTP/1.1" 302 5 "http://192.168.17.29/index.php/admin/cache/index/key/b0d6d63249403ba4e6fc36226b470a9f/" "Mozilla/5.0 (X11; Linux x86_64) AppleWebKit/537.36 (KHTML, like Gecko) Chrome/69.0.3497.100 Safari/537.36"
172.18.0.1 - - [15/Oct/2018:19:04:24 +0000] "POST /app/etc/local.xml HTTP/1.1" 405 150 "-" "-"
192.168.17.29 - - [15/Oct/2018:19:04:25 +0000] "GET /index.php/admin/cache/index/key/b0d6d63249403ba4e6fc36226b470a9f/ HTTP/1.1" 200 17745 "http://192.168.17.29/index.php/admin/cache/index/key/b0d6d63249403ba4e6fc36226b470a9f/" "Mozilla/5.0 (X11; Linux x86_64) AppleWebKit/537.36 (KHTML, like Gecko) Chrome/69.0.3497.100 Safari/537.36"
192.168.17.29 - - [15/Oct/2018:19:04:28 +0000] "GET /index.php/admin/catalog_product/index/key/a1c64ba0ec2cac651d9233baf0bbc138/ HTTP/1.1" 200 17806 "http://192.168.17.29/index.php/admin/cache/index/key/b0d6d63249403ba4e6fc36226b470a9f/" "Mozilla/5.0 (X11; Linux x86_64) AppleWebKit/537.36 (KHTML, like Gecko) Chrome/69.0.3497.100 Safari/537.36"
192.168.17.29 - - [15/Oct/2018:19:05:06 +0000] "GET /index.php/admin/catalog_product/index/key/a1c64ba0ec2cac651d9233baf0bbc138/ HTTP/1.1" 200 17806 "http://192.168.17.29/index.php/admin/cache/index/key/b0d6d63249403ba4e6fc36226b470a9f/" "Mozilla/5.0 (X11; Linux x86_64) AppleWebKit/537.36 (KHTML, like Gecko) Chrome/69.0.3497.100 Safari/537.36"
192.168.17.29 - - [15/Oct/2018:19:05:06 +0000] "GET /skin/adminhtml/default/default/favicon.ico HTTP/1.1" 200 1150 "http://192.168.17.29/index.php/admin/catalog_product/index/key/a1c64ba0ec2cac651d9233baf0bbc138/" "Mozilla/5.0 (X11; Linux x86_64) AppleWebKit/537.36 (KHTML, like Gecko) Chrome/69.0.3497.100 Safari/537.36"
192.168.17.29 - - [15/Oct/2018:19:05:07 +0000] "GET /index.php/admin/catalog_product/index/key/a1c64ba0ec2cac651d9233baf0bbc138/ HTTP/1.1" 200 17807 "http://192.168.17.29/index.php/admin/cache/index/key/b0d6d63249403ba4e6fc36226b470a9f/" "Mozilla/5.0 (X11; Linux x86_64) AppleWebKit/537.36 (KHTML, like Gecko) Chrome/69.0.3497.100 Safari/537.36"
192.168.17.29 - - [15/Oct/2018:19:05:07 +0000] "GET /skin/adminhtml/default/default/favicon.ico HTTP/1.1" 200 1150 "http://192.168.17.29/index.php/admin/catalog_product/index/key/a1c64ba0ec2cac651d9233baf0bbc138/" "Mozilla/5.0 (X11; Linux x86_64) AppleWebKit/537.36 (KHTML, like Gecko) Chrome/69.0.3497.100 Safari/537.36"
192.168.17.29 - - [15/Oct/2018:19:05:07 +0000] "GET /index.php/admin/catalog_product/index/key/a1c64ba0ec2cac651d9233baf0bbc138/ HTTP/1.1" 200 17807 "http://192.168.17.29/index.php/admin/cache/index/key/b0d6d63249403ba4e6fc36226b470a9f/" "Mozilla/5.0 (X11; Linux x86_64) AppleWebKit/537.36 (KHTML, like Gecko) Chrome/69.0.3497.100 Safari/537.36"
192.168.17.29 - - [15/Oct/2018:19:05:08 +0000] "GET /skin/adminhtml/default/default/favicon.ico HTTP/1.1" 200 1150 "http://192.168.17.29/index.php/admin/catalog_product/index/key/a1c64ba0ec2cac651d9233baf0bbc138/" "Mozilla/5.0 (X11; Linux x86_64) AppleWebKit/537.36 (KHTML, like Gecko) Chrome/69.0.3497.100 Safari/537.36"
192.168.17.29 - - [15/Oct/2018:19:05:11 +0000] "GET /index.php/admin/system_config/index/key/2b18761ce78b7c78305a2bba1305bc9e/ HTTP/1.1" 200 40628 "http://192.168.17.29/index.php/admin/catalog_product/index/key/a1c64ba0ec2cac651d9233baf0bbc138/" "Mozilla/5.0 (X11; Linux x86_64) AppleWebKit/537.36 (KHTML, like Gecko) Chrome/69.0.3497.100 Safari/537.36"
192.168.17.29 - - [15/Oct/2018:19:05:15 +0000] "GET /index.php/admin/catalog_product/index/key/a1c64ba0ec2cac651d9233baf0bbc138/ HTTP/1.1" 200 17806 "http://192.168.17.29/index.php/admin/system_config/index/key/2b18761ce78b7c78305a2bba1305bc9e/" "Mozilla/5.0 (X11; Linux x86_64) AppleWebKit/537.36 (KHTML, like Gecko) Chrome/69.0.3497.100 Safari/537.36"
192.168.17.29 - - [15/Oct/2018:19:05:34 +0000] "GET / HTTP/1.1" 200 6463 "-" "Mozilla/5.0 (X11; Linux x86_64) AppleWebKit/537.36 (KHTML, like Gecko) Chrome/69.0.3497.100 Safari/537.36"
192.168.17.29 - - [15/Oct/2018:19:05:40 +0000] "GET /admin HTTP/1.1" 302 5 "-" "Mozilla/5.0 (X11; Linux x86_64) AppleWebKit/537.36 (KHTML, like Gecko) Chrome/69.0.3497.100 Safari/537.36"
192.168.17.29 - - [15/Oct/2018:19:05:40 +0000] "GET /index.php/admin/dashboard/index/key/73230a5df2c655bc509347891a5a8b64/ HTTP/1.1" 200 17359 "-" "Mozilla/5.0 (X11; Linux x86_64) AppleWebKit/537.36 (KHTML, like Gecko) Chrome/69.0.3497.100 Safari/537.36"
192.168.17.29 - - [15/Oct/2018:19:06:16 +0000] "GET /index.php/admin/system_config/index/key/2b18761ce78b7c78305a2bba1305bc9e/ HTTP/1.1" 200 40625 "http://192.168.17.29/index.php/admin/dashboard/index/key/73230a5df2c655bc509347891a5a8b64/" "Mozilla/5.0 (X11; Linux x86_64) AppleWebKit/537.36 (KHTML, like Gecko) Chrome/69.0.3497.100 Safari/537.36"
192.168.17.29 - - [15/Oct/2018:19:06:17 +0000] "GET /index.php/admin/catalog_product/index/key/a1c64ba0ec2cac651d9233baf0bbc138/ HTTP/1.1" 200 17807 "http://192.168.17.29/index.php/admin/system_config/index/key/2b18761ce78b7c78305a2bba1305bc9e/" "Mozilla/5.0 (X11; Linux x86_64) AppleWebKit/537.36 (KHTML, like Gecko) Chrome/69.0.3497.100 Safari/537.36"
192.168.17.29 - - [15/Oct/2018:19:06:39 +0000] "GET /index.php/admin/catalog_product/index/key/a1c64ba0ec2cac651d9233baf0bbc138/ HTTP/1.1" 200 17806 "http://192.168.17.29/index.php/admin/system_config/index/key/2b18761ce78b7c78305a2bba1305bc9e/" "Mozilla/5.0 (X11; Linux x86_64) AppleWebKit/537.36 (KHTML, like Gecko) Chrome/69.0.3497.100 Safari/537.36"
192.168.17.29 - - [15/Oct/2018:19:06:40 +0000] "GET /skin/adminhtml/default/default/favicon.ico HTTP/1.1" 200 1150 "http://192.168.17.29/index.php/admin/catalog_product/index/key/a1c64ba0ec2cac651d9233baf0bbc138/" "Mozilla/5.0 (X11; Linux x86_64) AppleWebKit/537.36 (KHTML, like Gecko) Chrome/69.0.3497.100 Safari/537.36"
192.168.17.29 - - [15/Oct/2018:19:06:41 +0000] "GET /index.php/admin/catalog_product/index/key/a1c64ba0ec2cac651d9233baf0bbc138/ HTTP/1.1" 200 17806 "http://192.168.17.29/index.php/admin/catalog_product/index/key/a1c64ba0ec2cac651d9233baf0bbc138/" "Mozilla/5.0 (X11; Linux x86_64) AppleWebKit/537.36 (KHTML, like Gecko) Chrome/69.0.3497.100 Safari/537.36"
192.168.17.29 - - [15/Oct/2018:19:07:49 +0000] "GET / HTTP/1.1" 200 6463 "-" "Mozilla/5.0 (X11; Linux x86_64) AppleWebKit/537.36 (KHTML, like Gecko) Chrome/69.0.3497.100 Safari/537.36"
192.168.17.15 - - [15/Oct/2018:19:07:52 +0000] "GET / HTTP/1.1" 200 6463 "-" "Mozilla/5.0 (X11; Linux x86_64) AppleWebKit/537.36 (KHTML, like Gecko) Chrome/69.0.3497.100 Safari/537.36"
192.168.17.15 - - [15/Oct/2018:19:07:52 +0000] "GET /js/prototype/prototype.js HTTP/1.1" 200 163313 "http://192.168.17.29/" "Mozilla/5.0 (X11; Linux x86_64) AppleWebKit/537.36 (KHTML, like Gecko) Chrome/69.0.3497.100 Safari/537.36"
192.168.17.15 - - [15/Oct/2018:19:07:52 +0000] "GET /js/lib/jquery/noconflict.js HTTP/1.1" 200 1029 "http://192.168.17.29/" "Mozilla/5.0 (X11; Linux x86_64) AppleWebKit/537.36 (KHTML, like Gecko) Chrome/69.0.3497.100 Safari/537.36"
192.168.17.15 - - [15/Oct/2018:19:07:52 +0000] "GET /js/prototype/validation.js HTTP/1.1" 200 43437 "http://192.168.17.29/" "Mozilla/5.0 (X11; Linux x86_64) AppleWebKit/537.36 (KHTML, like Gecko) Chrome/69.0.3497.100 Safari/537.36"
192.168.17.15 - - [15/Oct/2018:19:07:52 +0000] "GET /js/lib/ccard.js HTTP/1.1" 200 747 "http://192.168.17.29/" "Mozilla/5.0 (X11; Linux x86_64) AppleWebKit/537.36 (KHTML, like Gecko) Chrome/69.0.3497.100 Safari/537.36"
192.168.17.15 - - [15/Oct/2018:19:07:52 +0000] "GET /js/scriptaculous/builder.js HTTP/1.1" 200 4744 "http://192.168.17.29/" "Mozilla/5.0 (X11; Linux x86_64) AppleWebKit/537.36 (KHTML, like Gecko) Chrome/69.0.3497.100 Safari/537.36"
192.168.17.15 - - [15/Oct/2018:19:07:52 +0000] "GET /js/lib/jquery/jquery-1.12.0.min.js HTTP/1.1" 200 97362 "http://192.168.17.29/" "Mozilla/5.0 (X11; Linux x86_64) AppleWebKit/537.36 (KHTML, like Gecko) Chrome/69.0.3497.100 Safari/537.36"
192.168.17.15 - - [15/Oct/2018:19:07:52 +0000] "GET /js/scriptaculous/effects.js HTTP/1.1" 200 38745 "http://192.168.17.29/" "Mozilla/5.0 (X11; Linux x86_64) AppleWebKit/537.36 (KHTML, like Gecko) Chrome/69.0.3497.100 Safari/537.36"
